Component: ARM Compiler 5.06 update 7 (build 960) Tool: armlink [4d3601]

==============================================================================

Section Cross References

    startup_stm32f407xx.o(STACK) refers (Special) to heapauxi.o(.text) for __use_two_region_memory
    startup_stm32f407xx.o(HEAP) refers (Special) to heapauxi.o(.text) for __use_two_region_memory
    startup_stm32f407xx.o(RESET) refers (Special) to heapauxi.o(.text) for __use_two_region_memory
    startup_stm32f407xx.o(RESET) refers to startup_stm32f407xx.o(STACK) for __initial_sp
    startup_stm32f407xx.o(RESET) refers to startup_stm32f407xx.o(.text) for Reset_Handler
    startup_stm32f407xx.o(RESET) refers to stm32f4xx_it.o(i.NMI_Handler) for NMI_Handler
    startup_stm32f407xx.o(RESET) refers to stm32f4xx_it.o(i.HardFault_Handler) for HardFault_Handler
    startup_stm32f407xx.o(RESET) refers to stm32f4xx_it.o(i.MemManage_Handler) for MemManage_Handler
    startup_stm32f407xx.o(RESET) refers to stm32f4xx_it.o(i.BusFault_Handler) for BusFault_Handler
    startup_stm32f407xx.o(RESET) refers to stm32f4xx_it.o(i.UsageFault_Handler) for UsageFault_Handler
    startup_stm32f407xx.o(RESET) refers to port.o(.emb_text) for SVC_Handler
    startup_stm32f407xx.o(RESET) refers to stm32f4xx_it.o(i.DebugMon_Handler) for DebugMon_Handler
    startup_stm32f407xx.o(RESET) refers to stm32f4xx_it.o(i.SysTick_Handler) for SysTick_Handler
    startup_stm32f407xx.o(RESET) refers to stm32f4xx_it.o(i.EXTI0_IRQHandler) for EXTI0_IRQHandler
    startup_stm32f407xx.o(RESET) refers to stm32f4xx_it.o(i.EXTI3_IRQHandler) for EXTI3_IRQHandler
    startup_stm32f407xx.o(RESET) refers to stm32f4xx_it.o(i.EXTI4_IRQHandler) for EXTI4_IRQHandler
    startup_stm32f407xx.o(RESET) refers to stm32f4xx_it.o(i.DMA1_Stream1_IRQHandler) for DMA1_Stream1_IRQHandler
    startup_stm32f407xx.o(RESET) refers to stm32f4xx_it.o(i.CAN1_RX0_IRQHandler) for CAN1_RX0_IRQHandler
    startup_stm32f407xx.o(RESET) refers to stm32f4xx_it.o(i.EXTI9_5_IRQHandler) for EXTI9_5_IRQHandler
    startup_stm32f407xx.o(RESET) refers to remote_control.o(i.USART3_IRQHandler) for USART3_IRQHandler
    startup_stm32f407xx.o(RESET) refers to ins_task.o(i.DMA2_Stream2_IRQHandler) for DMA2_Stream2_IRQHandler
    startup_stm32f407xx.o(RESET) refers to stm32f4xx_it.o(i.DMA2_Stream3_IRQHandler) for DMA2_Stream3_IRQHandler
    startup_stm32f407xx.o(RESET) refers to stm32f4xx_it.o(i.CAN2_RX0_IRQHandler) for CAN2_RX0_IRQHandler
    startup_stm32f407xx.o(.text) refers (Special) to heapauxi.o(.text) for __use_two_region_memory
    startup_stm32f407xx.o(.text) refers to system_stm32f4xx.o(i.SystemInit) for SystemInit
    startup_stm32f407xx.o(.text) refers to __main.o(!!!main) for __main
    startup_stm32f407xx.o(.text) refers to startup_stm32f407xx.o(HEAP) for Heap_Mem
    startup_stm32f407xx.o(.text) refers to startup_stm32f407xx.o(STACK) for Stack_Mem
    main.o(i.SystemClock_Config) refers to rt_memclr_w.o(.text) for __aeabi_memclr4
    main.o(i.SystemClock_Config) refers to stm32f4xx_hal_rcc.o(i.HAL_RCC_OscConfig) for HAL_RCC_OscConfig
    main.o(i.SystemClock_Config) refers to main.o(i.Error_Handler) for Error_Handler
    main.o(i.SystemClock_Config) refers to stm32f4xx_hal_rcc.o(i.HAL_RCC_ClockConfig) for HAL_RCC_ClockConfig
    main.o(i.main) refers to stm32f4xx_hal.o(i.HAL_Init) for HAL_Init
    main.o(i.main) refers to main.o(i.SystemClock_Config) for SystemClock_Config
    main.o(i.main) refers to gpio.o(i.MX_GPIO_Init) for MX_GPIO_Init
    main.o(i.main) refers to dma.o(i.MX_DMA_Init) for MX_DMA_Init
    main.o(i.main) refers to can.o(i.MX_CAN1_Init) for MX_CAN1_Init
    main.o(i.main) refers to can.o(i.MX_CAN2_Init) for MX_CAN2_Init
    main.o(i.main) refers to i2c.o(i.MX_I2C3_Init) for MX_I2C3_Init
    main.o(i.main) refers to rtc.o(i.MX_RTC_Init) for MX_RTC_Init
    main.o(i.main) refers to tim.o(i.MX_TIM3_Init) for MX_TIM3_Init
    main.o(i.main) refers to tim.o(i.MX_TIM4_Init) for MX_TIM4_Init
    main.o(i.main) refers to tim.o(i.MX_TIM5_Init) for MX_TIM5_Init
    main.o(i.main) refers to tim.o(i.MX_TIM8_Init) for MX_TIM8_Init
    main.o(i.main) refers to tim.o(i.MX_TIM10_Init) for MX_TIM10_Init
    main.o(i.main) refers to usart.o(i.MX_USART3_UART_Init) for MX_USART3_UART_Init
    main.o(i.main) refers to spi.o(i.MX_SPI1_Init) for MX_SPI1_Init
    main.o(i.main) refers to bsp_can.o(i.can_filter_init) for can_filter_init
    main.o(i.main) refers to freertos.o(i.MX_FREERTOS_Init) for MX_FREERTOS_Init
    main.o(i.main) refers to cmsis_os.o(i.osKernelStart) for osKernelStart
    gpio.o(i.MX_GPIO_Init) refers to rt_memclr_w.o(.text) for __aeabi_memclr4
    gpio.o(i.MX_GPIO_Init) refers to stm32f4xx_hal_gpio.o(i.HAL_GPIO_WritePin) for HAL_GPIO_WritePin
    gpio.o(i.MX_GPIO_Init) refers to stm32f4xx_hal_gpio.o(i.HAL_GPIO_Init) for HAL_GPIO_Init
    gpio.o(i.MX_GPIO_Init) refers to stm32f4xx_hal_cortex.o(i.HAL_NVIC_SetPriority) for HAL_NVIC_SetPriority
[...]
    HAL_RCC_GetSysClockFreq                  0x08003cc5   Thumb Code   162  stm32f4xx_hal_rcc.o(i.HAL_RCC_GetSysClockFreq)
    HAL_RCC_OscConfig                        0x08003d75   Thumb Code  1172  stm32f4xx_hal_rcc.o(i.HAL_RCC_OscConfig)
    HAL_RTC_Init                             0x08004211   Thumb Code   176  stm32f4xx_hal_rtc.o(i.HAL_RTC_Init)
    HAL_RTC_MspInit                          0x080042c5   Thumb Code    50  rtc.o(i.HAL_RTC_MspInit)
    HAL_RTC_WaitForSynchro                   0x08004301   Thumb Code    52  stm32f4xx_hal_rtc.o(i.HAL_RTC_WaitForSynchro)
    HAL_SPI_Init                             0x08004339   Thumb Code   200  stm32f4xx_hal_spi.o(i.HAL_SPI_Init)
    HAL_SPI_MspInit                          0x08004401   Thumb Code   316  spi.o(i.HAL_SPI_MspInit)
    HAL_SPI_TransmitReceive                  0x08004559   Thumb Code   584  stm32f4xx_hal_spi.o(i.HAL_SPI_TransmitReceive)
    HAL_SYSTICK_Config                       0x080047a1   Thumb Code    52  stm32f4xx_hal_cortex.o(i.HAL_SYSTICK_Config)
    HAL_TIMEx_MasterConfigSynchronization    0x080047d5   Thumb Code   150  stm32f4xx_hal_tim_ex.o(i.HAL_TIMEx_MasterConfigSynchronization)
    HAL_TIM_Base_Init                        0x08004889   Thumb Code   102  stm32f4xx_hal_tim.o(i.HAL_TIM_Base_Init)
    HAL_TIM_Base_MspInit                     0x080048f1   Thumb Code   212  tim.o(i.HAL_TIM_Base_MspInit)
    HAL_TIM_ConfigClockSource                0x080049dd   Thumb Code   268  stm32f4xx_hal_tim.o(i.HAL_TIM_ConfigClockSource)
    HAL_TIM_MspPostInit                      0x08004ae9   Thumb Code   294  tim.o(i.HAL_TIM_MspPostInit)
    HAL_TIM_PWM_ConfigChannel                0x08004c35   Thumb Code   260  stm32f4xx_hal_tim.o(i.HAL_TIM_PWM_ConfigChannel)
    HAL_TIM_PWM_Init                         0x08004d39   Thumb Code   102  stm32f4xx_hal_tim.o(i.HAL_TIM_PWM_Init)
    HAL_TIM_PWM_MspInit                      0x08004d9f   Thumb Code     2  stm32f4xx_hal_tim.o(i.HAL_TIM_PWM_MspInit)
    HAL_UART_Init                            0x08004da1   Thumb Code   118  stm32f4xx_hal_uart.o(i.HAL_UART_Init)
    HAL_UART_MspInit                         0x08004e19   Thumb Code   204  usart.o(i.HAL_UART_MspInit)
    HardFault_Handler                        0x08004ef9   Thumb Code     4  stm32f4xx_it.o(i.HardFault_Handler)
    INS_cali_gyro                            0x0800548d   Thumb Code   110  ins_task.o(i.INS_cali_gyro)
    INS_set_cali_gyro                        0x08005509   Thumb Code    62  ins_task.o(i.INS_set_cali_gyro)
    INS_task                                 0x08005551   Thumb Code   662  ins_task.o(i.INS_task)
    MX_CAN1_Init                             0x08005855   Thumb Code    58  can.o(i.MX_CAN1_Init)
    MX_CAN2_Init                             0x08005899   Thumb Code    58  can.o(i.MX_CAN2_Init)
    MX_DMA_Init                              0x080058dd   Thumb Code   114  dma.o(i.MX_DMA_Init)
    MX_FREERTOS_Init                         0x08005955   Thumb Code   150  freertos.o(i.MX_FREERTOS_Init)
    MX_GPIO_Init                             0x08005a09   Thumb Code   428  gpio.o(i.MX_GPIO_Init)
    MX_I2C3_Init                             0x08005bc9   Thumb Code    48  i2c.o(i.MX_I2C3_Init)
    MX_RTC_Init                              0x08005c05   Thumb Code    44  rtc.o(i.MX_RTC_Init)
    MX_SPI1_Init                             0x08005c39   Thumb Code    62  spi.o(i.MX_SPI1_Init)
    MX_TIM10_Init                            0x08005c81   Thumb Code   100  tim.o(i.MX_TIM10_Init)
    MX_TIM3_Init                             0x08005ced   Thumb Code   154  tim.o(i.MX_TIM3_Init)
    MX_TIM4_Init                             0x08005d91   Thumb Code   154  tim.o(i.MX_TIM4_Init)
    MX_TIM5_Init                             0x08005e35   Thumb Code   184  tim.o(i.MX_TIM5_Init)
    MX_TIM8_Init                             0x08005ef5   Thumb Code   102  tim.o(i.MX_TIM8_Init)
    MX_USART3_UART_Init                      0x08005f65   Thumb Code    46  usart.o(i.MX_USART3_UART_Init)
    MemManage_Handler                        0x08005f9d   Thumb Code     4  stm32f4xx_it.o(i.MemManage_Handler)
    NMI_Handler                              0x08005fa1   Thumb Code     4  stm32f4xx_it.o(i.NMI_Handler)
    PID_calc                                 0x08005fa5   Thumb Code   492  pid.o(i.PID_calc)
    PID_init                                 0x08006195   Thumb Code    92  pid.o(i.PID_init)
    RC_restart                               0x0800655d   Thumb Code    72  bsp_rc.o(i.RC_restart)
    RC_unable                                0x080065ad   Thumb Code    18  bsp_rc.o(i.RC_unable)
    RTC_EnterInitMode                        0x080065c5   Thumb Code    74  stm32f4xx_hal_rtc.o(i.RTC_EnterInitMode)
    RTC_ExitInitMode                         0x0800660f   Thumb Code    46  stm32f4xx_hal_rtc.o(i.RTC_ExitInitMode)
    SPI1_DMA_enable                          0x0800663d   Thumb Code 10024  bsp_spi.o(i.SPI1_DMA_enable)
    SPI1_DMA_init                            0x08008d79   Thumb Code   360  bsp_spi.o(i.SPI1_DMA_init)
    StartDefaultTask                         0x08009059   Thumb Code    12  freertos.o(i.StartDefaultTask)
    SysTick_Handler                          0x08009065   Thumb Code    20  stm32f4xx_it.o(i.SysTick_Handler)
    SystemClock_Config                       0x08009079   Thumb Code   176  main.o(i.SystemClock_Config)
    SystemInit                               0x08009131   Thumb Code    14  system_stm32f4xx.o(i.SystemInit)
    TIM_Base_SetConfig                       0x08009145   Thumb Code   186  stm32f4xx_hal_tim.o(i.TIM_Base_SetConfig)
    TIM_ETR_SetConfig                        0x0800922d   Thumb Code    22  stm32f4xx_hal_tim.o(i.TIM_ETR_SetConfig)
    TIM_OC2_SetConfig                        0x080092c5   Thumb Code   114  stm32f4xx_hal_tim.o(i.TIM_OC2_SetConfig)
    USART3_IRQHandler                        0x08009689   Thumb Code   276  remote_control.o(i.USART3_IRQHandler)
    UsageFault_Handler                       0x080097b9   Thumb Code     4  stm32f4xx_it.o(i.UsageFault_Handler)
    __ARM_fpclassifyf                        0x080097bd   Thumb Code    38  fpclassifyf.o(i.__ARM_fpclassifyf)
    __hardfp_asinf                           0x0800981d   Thumb Code   258  asinf.o(i.__hardfp_asinf)
    __hardfp_atan2f                          0x08009949   Thumb Code   594  atan2f.o(i.__hardfp_atan2f)
    __hardfp_fabs                            0x08009bf5   Thumb Code    20  fabs.o(i.__hardfp_fabs)
    __hardfp_sqrt                            0x08009c09   Thumb Code   122  sqrt_full.o(i.__hardfp_sqrt)
    __hardfp_sqrtf                           0x08009c83   Thumb Code    58  sqrtf_full.o(i.__hardfp_sqrtf)
    __mathlib_flt_infnan                     0x08009cbd   Thumb Code     6  funder.o(i.__mathlib_flt_infnan)
    __mathlib_flt_infnan2                    0x08009cc3   Thumb Code     6  funder.o(i.__mathlib_flt_infnan2)
    __mathlib_flt_invalid                    0x08009cc9   Thumb Code    10  funder.o(i.__mathlib_flt_invalid)
    __mathlib_flt_underflow                  0x08009cd9   Thumb Code    10  funder.o(i.__mathlib_flt_underflow)
    aRGB_led_show                            0x08009ce9   Thumb Code    82  bsp_led.o(i.aRGB_led_show)
    bmi088_accel_init                        0x0800a219   Thumb Code   302  bmi088drive.o(i.bmi088_accel_init)
    bmi088_accel_self_test                   0x0800a34d   Thumb Code   760  bmi088drive.o(i.bmi088_accel_self_test)
    bmi088_gyro_init                         0x0800a649   Thumb Code   238  bmi088drive.o(i.bmi088_gyro_init)
    bmi088_gyro_self_test                    0x0800a73d   Thumb Code   208  bmi088drive.o(i.bmi088_gyro_self_test)
    buzzer_off                               0x0800a80d   Thumb Code    10  bsp_buzzer.o(i.buzzer_off)
    buzzer_on                                0x0800a81d   Thumb Code    14  bsp_buzzer.o(i.buzzer_on)
    calibrate_task                           0x0800a961   Thumb Code   304  calibrate_task.o(i.calibrate_task)
    can_filter_init                          0x0800aaa9   Thumb Code    84  bsp_can.o(i.can_filter_init)
    chassis_behaviour_control_set            0x0800ab05   Thumb Code   156  chassis_behaviour.o(i.chassis_behaviour_control_set)
    chassis_behaviour_mode_set               0x0800aba5   Thumb Code   134  chassis_behaviour.o(i.chassis_behaviour_mode_set)
    chassis_rc_to_control_vector             0x0800b2c9   Thumb Code   320  chassis_task.o(i.chassis_rc_to_control_vector)
    chassis_task                             0x0800b5f5   Thumb Code   196  chassis_task.o(i.chassis_task)
    delay_us                                 0x0800b94d   Thumb Code    76  bsp_delay.o(i.delay_us)
    detect_hook                              0x0800b99d   Thumb Code   288  detect_task.o(i.detect_hook)
    detect_task                              0x0800bc2d   Thumb Code   628  detect_task.o(i.detect_task)
    first_order_filter_cali                  0x0800beb5   Thumb Code    84  user_lib.o(i.first_order_filter_cali)
    first_order_filter_init                  0x0800bf09   Thumb Code    32  user_lib.o(i.first_order_filter_init)
    flash_erase_address                      0x0800bf2d   Thumb Code    46  bsp_flash.o(i.flash_erase_address)
    flash_write_single_address               0x0800bf5d   Thumb Code   136  bsp_flash.o(i.flash_write_single_address)
    fp32_constrain                           0x0800bff5   Thumb Code    42  user_lib.o(i.fp32_constrain)
    get_INS_angle_point                      0x0800c115   Thumb Code     4  ins_task.o(i.get_INS_angle_point)
    get_angle                                0x0800c11d   Thumb Code   232  ahrs.o(i.get_angle)
    get_control_temperature                  0x0800c205   Thumb Code     8  calibrate_task.o(i.get_control_temperature)
    get_next_flash_address                   0x0800c211   Thumb Code   186  bsp_flash.o(i.get_next_flash_address)
    get_remote_control_point                 0x0800c2f9   Thumb Code     4  remote_control.o(i.get_remote_control_point)
    get_trigger_motor_measure_point          0x0800c301   Thumb Code    18  can_receive.o(i.get_trigger_motor_measure_point)
    gyro_offset_calc                         0x0800c319   Thumb Code    78  ins_task.o(i.gyro_offset_calc)
    imu_pwm_set                              0x0800c601   Thumb Code     8  bsp_imu_pwm.o(i.imu_pwm_set)
    ist8310_GPIO_init                        0x0800c6c5   Thumb Code     2  ist8310driver_middleware.o(i.ist8310_GPIO_init)
    ist8310_IIC_read_single_reg              0x0800c6c9   Thumb Code    36  ist8310driver_middleware.o(i.ist8310_IIC_read_single_reg)
    ist8310_IIC_write_single_reg             0x0800c6f1   Thumb Code    34  ist8310driver_middleware.o(i.ist8310_IIC_write_single_reg)
    ist8310_RST_H                            0x0800c719   Thumb Code    14  ist8310driver_middleware.o(i.ist8310_RST_H)
    ist8310_RST_L                            0x0800c72d   Thumb Code    14  ist8310driver_middleware.o(i.ist8310_RST_L)
    ist8310_com_init                         0x0800c741   Thumb Code     2  ist8310driver_middleware.o(i.ist8310_com_init)
    ist8310_delay_ms                         0x0800c743   Thumb Code    12  ist8310driver_middleware.o(i.ist8310_delay_ms)
    ist8310_init                             0x0800c751   Thumb Code   142  ist8310driver.o(i.ist8310_init)
    led_RGB_flow_task                        0x0800c7e5   Thumb Code   422  led_flow_task.o(i.led_RGB_flow_task)
    loop_fp32_constrain                      0x0800c995   Thumb Code    96  user_lib.o(i.loop_fp32_constrain)
    main                                     0x0800c9f5   Thumb Code    76  main.o(i.main)
    osDelay                                  0x0800ca4f   Thumb Code    24  cmsis_os.o(i.osDelay)
    osKernelStart                            0x0800ca67   Thumb Code    10  cmsis_os.o(i.osKernelStart)
    osThreadCreate                           0x0800ca71   Thumb Code    94  cmsis_os.o(i.osThreadCreate)
    pcTaskGetName                            0x0800cad1   Thumb Code    44  tasks.o(i.pcTaskGetName)
    pvPortMalloc                             0x0800d611   Thumb Code   306  heap_4.o(i.pvPortMalloc)
    pxPortInitialiseStack                    0x0800d75d   Thumb Code    38  port.o(i.pxPortInitialiseStack)
    sqrtf                                    0x0800d8e7   Thumb Code    62  sqrtf_full.o(i.sqrtf)
    toe_is_error                             0x0800d925   Thumb Code    20  detect_task.o(i.toe_is_error)
    ulTaskNotifyTake                         0x0800d93d   Thumb Code   108  tasks.o(i.ulTaskNotifyTake)
    uxListRemove                             0x0800da2b   Thumb Code    40  list.o(i.uxListRemove)
    uxTaskGetStackHighWaterMark              0x0800da55   Thumb Code    34  tasks.o(i.uxTaskGetStackHighWaterMark)
    vApplicationGetIdleTaskMemory            0x0800da7d   Thumb Code    14  freertos.o(i.vApplicationGetIdleTaskMemory)
    vApplicationGetTimerTaskMemory           0x0800da95   Thumb Code    16  cmsis_os.o(i.vApplicationGetTimerTaskMemory)
    vListInitialise                          0x0800daad   Thumb Code    26  list.o(i.vListInitialise)
    vListInitialiseItem                      0x0800dac7   Thumb Code     6  list.o(i.vListInitialiseItem)
    vListInsert                              0x0800dacd   Thumb Code    52  list.o(i.vListInsert)
    vListInsertEnd                           0x0800db01   Thumb Code    24  list.o(i.vListInsertEnd)
    vPortEnterCritical                       0x0800db19   Thumb Code    76  port.o(i.vPortEnterCritical)
    vPortExitCritical                        0x0800db6d   Thumb Code    56  port.o(i.vPortExitCritical)
    vPortFree                                0x0800dba9   Thumb Code   150  heap_4.o(i.vPortFree)
    vPortSetupTimerInterrupt                 0x0800dc4d   Thumb Code    36  port.o(i.vPortSetupTimerInterrupt)
    vPortValidateInterruptPriority           0x0800dc75   Thumb Code   106  port.o(i.vPortValidateInterruptPriority)
    vQueueAddToRegistry                      0x0800dced   Thumb Code    38  queue.o(i.vQueueAddToRegistry)
    vQueueWaitForMessageRestricted           0x0800dd19   Thumb Code    74  queue.o(i.vQueueWaitForMessageRestricted)
    vTaskDelay                               0x0800dd65   Thumb Code    82  tasks.o(i.vTaskDelay)
    vTaskInternalSetTimeOutState             0x0800ddc1   Thumb Code    14  tasks.o(i.vTaskInternalSetTimeOutState)
    vTaskMissedYield                         0x0800ddd9   Thumb Code     8  tasks.o(i.vTaskMissedYield)
    vTaskNotifyGiveFromISR                   0x0800dde5   Thumb Code   214  tasks.o(i.vTaskNotifyGiveFromISR)
    vTaskPlaceOnEventList                    0x0800ded5   Thumb Code    52  tasks.o(i.vTaskPlaceOnEventList)
    vTaskPlaceOnEventListRestricted          0x0800df0d   Thumb Code    60  tasks.o(i.vTaskPlaceOnEventListRestricted)
    vTaskStartScheduler                      0x0800df4d   Thumb Code   156  tasks.o(i.vTaskStartScheduler)
    vTaskSuspendAll                          0x0800e005   Thumb Code    12  tasks.o(i.vTaskSuspendAll)
    vTaskSwitchContext                       0x0800e015   Thumb Code   118  tasks.o(i.vTaskSwitchContext)
    xPortStartScheduler                      0x0800e0a1   Thumb Code   330  port.o(i.xPortStartScheduler)
    xPortSysTickHandler                      0x0800e209   Thumb Code    46  port.o(i.xPortSysTickHandler)
    xQueueGenericCreateStatic                0x0800e23d   Thumb Code   224  queue.o(i.xQueueGenericCreateStatic)
    xQueueGenericReset                       0x0800e31d   Thumb Code   146  queue.o(i.xQueueGenericReset)
    xQueueGenericSend                        0x0800e3b5   Thumb Code   420  queue.o(i.xQueueGenericSend)
    xQueueGenericSendFromISR                 0x0800e55d   Thumb Code   252  queue.o(i.xQueueGenericSendFromISR)
    xQueueReceive                            0x0800e659   Thumb Code   356  queue.o(i.xQueueReceive)
    xTaskCheckForTimeOut                     0x0800e7c1   Thumb Code   156  tasks.o(i.xTaskCheckForTimeOut)
    xTaskCreate                              0x0800e869   Thumb Code   100  tasks.o(i.xTaskCreate)
    xTaskCreateStatic                        0x0800e8cd   Thumb Code   186  tasks.o(i.xTaskCreateStatic)
    xTaskGetHandle                           0x0800e989   Thumb Code   142  tasks.o(i.xTaskGetHandle)
    xTaskGetSchedulerState                   0x0800ea2d   Thumb Code    24  tasks.o(i.xTaskGetSchedulerState)
    xTaskGetTickCount                        0x0800ea4d   Thumb Code     6  tasks.o(i.xTaskGetTickCount)
    xTaskIncrementTick                       0x0800ea59   Thumb Code   282  tasks.o(i.xTaskIncrementTick)
    xTaskPriorityDisinherit                  0x0800eba1   Thumb Code   188  tasks.o(i.xTaskPriorityDisinherit)
    xTaskRemoveFromEventList                 0x0800ec69   Thumb Code   128  tasks.o(i.xTaskRemoveFromEventList)
    xTaskResumeAll                           0x0800ed01   Thumb Code   224  tasks.o(i.xTaskResumeAll)
    xTimerCreateTimerTask                    0x0800ee05   Thumb Code   100  timers.o(i.xTimerCreateTimerTask)
    xTimerGenericCommand                     0x0800ee7d   Thumb Code   128  timers.o(i.xTimerGenericCommand)
    __aeabi_d2f                              0x0800ef01   Thumb Code     0  d2f_clz.o(x$fpl$d2f)
    _d2f                                     0x0800ef01   Thumb Code   700  d2f_clz.o(x$fpl$d2f)
    __aeabi_dadd                             0x0800f1c5   Thumb Code     0  daddsub_clz.o(x$fpl$dadd)
    _dadd                                    0x0800f1c5   Thumb Code   580  daddsub_clz.o(x$fpl$dadd)
    __aeabi_ddiv                             0x0800f411   Thumb Code     0  ddiv_clz.o(x$fpl$ddiv)
    _ddiv                                    0x0800f411   Thumb Code   748  ddiv_clz.o(x$fpl$ddiv)
    __dflt_normalise                         0x0800f78d   Thumb Code    26  dflt_clz.o(x$fpl$dfltn)
    __aeabi_dmul                             0x0800f7a9   Thumb Code     0  dmul_clz.o(x$fpl$dmul)
    _dmul                                    0x0800f7a9   Thumb Code   440  dmul_clz.o(x$fpl$dmul)
    __fpl_dnaninf                            0x0800f969   Thumb Code   258  dnaninf.o(x$fpl$dnaninf)
    __fpl_drenorm2                           0x0800fa6b   Thumb Code   106  drenorm_clz.o(x$fpl$drenorm)
    __fpl_drenorm1                           0x0800fad5   Thumb Code     6  drenorm_clz.o(x$fpl$drenorm)
    __fpl_dretinf                            0x0800fadb   Thumb Code    12  dretinf.o(x$fpl$dretinf)
    _dsqrt                                   0x0800fae9   Thumb Code   520  dsqrt_umaalclz.o(x$fpl$dsqrt)
    __aeabi_dsub                             0x0800fcf1   Thumb Code     0  daddsub_clz.o(x$fpl$dsub)
    _dsub                                    0x0800fcf1   Thumb Code   664  daddsub_clz.o(x$fpl$dsub)
    __dunder                                 0x0800ff8d   Thumb Code   314  dunder_clz.o(x$fpl$dunder)
    __dunder_d                               0x080100c7   Thumb Code    64  dunder_clz.o(x$fpl$dunder)
    __fpl_exception                          0x08010109   Thumb Code   454  except.o(x$fpl$exception)
    __aeabi_f2d                              0x080102f5   Thumb Code     0  f2d.o(x$fpl$f2d)
    _f2d                                     0x080102f5   Thumb Code   122  f2d.o(x$fpl$f2d)
    __fpl_fnaninf                            0x0801036f   Thumb Code   242  fnaninf.o(x$fpl$fnaninf)
    _fp_init                                 0x08010461   Thumb Code    10  fpinit.o(x$fpl$fpinit)
    __fplib_config_fpu_vfp                   0x08010469   Thumb Code     0  fpinit.o(x$fpl$fpinit)
    __fplib_config_pureend_doubles           0x08010469   Thumb Code     0  fpinit.o(x$fpl$fpinit)
    __fpl_fretinf                            0x0801046b   Thumb Code    10  fretinf.o(x$fpl$fretinf)
    __funder                                 0x08010475   Thumb Code   254  funder_clz.o(x$fpl$funder)
    __funder_d                               0x08010573   Thumb Code    62  funder_clz.o(x$fpl$funder)
    __fpl_return_NaN                         0x080105b1   Thumb Code   178  retnan.o(x$fpl$retnan)
    _fp_trapveneer                           0x08010663   Thumb Code    36  trapv.o(x$fpl$trapveneer)
    __fpl_cmpreturn                          0x08010687   Thumb Code    90  trapv.o(x$fpl$trapveneer)
    __I$use$fp                               0x080106e0   Number         0  usenofp.o(x$fpl$usenofp)
    AHBPrescTable                            0x08010790   Data          16  system_stm32f4xx.o(.constdata)
    APBPrescTable                            0x080107a0   Data           8  system_stm32f4xx.o(.constdata)
    sinTable_f32                             0x08010870   Data        2052  arm_common_tables.o(.constdata)
    Region$$Table$$Base                      0x080110a8   Number         0  anon$$obj.o(Region$$Table)
    Region$$Table$$Limit                     0x080110c8   Number         0  anon$$obj.o(Region$$Table)
    test_taskHandle                          0x20000000   Data           4  freertos.o(.data)
    caliHandle                               0x20000004   Data           4  freertos.o(.data)
    chassisTaskHandle                        0x20000008   Data           4  freertos.o(.data)
    DETECTHandle                             0x2000000c   Data           4  freertos.o(.data)
    imuTaskHandle                            0x20000010   Data           4  freertos.o(.data)
    ledHandle                                0x20000014   Data           4  freertos.o(.data)
    uwTick                                   0x2000001c   Data           4  stm32f4xx_hal.o(.data)
    uwTickPrio                               0x20000020   Data           4  stm32f4xx_hal.o(.data)
    uwTickFreq                               0x20000024   Data           1  stm32f4xx_hal.o(.data)
    SystemCoreClock                          0x20000028   Data           4  system_stm32f4xx.o(.data)
    calibrate_task_stack                     0x20000038   Data           4  calibrate_task.o(.data)
    cali_hook_fun                            0x20000064   Data          20  calibrate_task.o(.data)
    chassis_high_water                       0x2000008c   Data           4  chassis_task.o(.data)
    chassis_behaviour_mode                   0x20000090   Data           1  chassis_behaviour.o(.data)
    detect_task_stack                        0x200000a4   Data           4  detect_task.o(.data)
    RGB_flow_color                           0x200000b0   Data          28  led_flow_task.o(.data)
    gyro_dma_rx_buf                          0x200000d4   Data           8  ins_task.o(.data)
    gyro_dma_tx_buf                          0x200000dc   Data           8  ins_task.o(.data)
    accel_dma_tx_buf                         0x200000e4   Data           9  ins_task.o(.data)
    accel_temp_dma_rx_buf                    0x200000ed   Data           4  ins_task.o(.data)
    accel_temp_dma_tx_buf                    0x200000f1   Data           4  ins_task.o(.data)
    gyro_update_flag                         0x200000f5   Data           1  ins_task.o(.data)
    accel_update_flag                        0x200000f6   Data           1  ins_task.o(.data)
    accel_temp_update_flag                   0x200000f7   Data           1  ins_task.o(.data)
    mag_update_flag                          0x200000f8   Data           1  ins_task.o(.data)
    imu_start_dma_flag                       0x200000f9   Data           1  ins_task.o(.data)
    gyro_scale_factor                        0x200000fc   Data          36  ins_task.o(.data)
    accel_scale_factor                       0x20000120   Data          36  ins_task.o(.data)
    mag_scale_factor                         0x20000144   Data          36  ins_task.o(.data)
    pxCurrentTCB                             0x20000190   Data           4  tasks.o(.data)
    BMI088_ACCEL_SEN                         0x2000020c   Data           4  bmi088drive.o(.data)
    BMI088_GYRO_SEN                          0x20000210   Data           4  bmi088drive.o(.data)
    hcan1                                    0x2000049c   Data          40  can.o(.bss)
    hcan2                                    0x200004c4   Data          40  can.o(.bss)
    hi2c3                                    0x200004ec   Data          84  i2c.o(.bss)
    hrtc                                     0x20000540   Data          32  rtc.o(.bss)
    hspi1                                    0x20000560   Data          88  spi.o(.bss)
    hdma_spi1_rx                             0x200005b8   Data          96  spi.o(.bss)
    hdma_spi1_tx                             0x20000618   Data          96  spi.o(.bss)
    htim3                                    0x20000678   Data          72  tim.o(.bss)
    htim4                                    0x200006c0   Data          72  tim.o(.bss)
    htim5                                    0x20000708   Data          72  tim.o(.bss)
    htim8                                    0x20000750   Data          72  tim.o(.bss)
    htim10                                   0x20000798   Data          72  tim.o(.bss)
    huart3                                   0x200007e0   Data          72  usart.o(.bss)
    hdma_usart3_rx                           0x20000828   Data          96  usart.o(.bss)
    pFlash                                   0x20000888   Data          32  stm32f4xx_hal_flash.o(.bss)
    cali_sensor                              0x200009dc   Data          65  calibrate_task.o(.bss)
    chassis_move                             0x20000a20   Data         548  chassis_task.o(.bss)
    error_list                               0x20000c44   Data         540  detect_task.o(.bss)
    rc_ctrl                                  0x20000e60   Data          22  remote_control.o(.bss)
    accel_dma_rx_buf                         0x20000ec0   Data           9  ins_task.o(.bss)
    bmi088_real_data                         0x20000ecc   Data          36  ins_task.o(.bss)
    gyro_offset                              0x20000ef0   Data          12  ins_task.o(.bss)
    gyro_cali_offset                         0x20000efc   Data          12  ins_task.o(.bss)
    accel_offset                             0x20000f08   Data          12  ins_task.o(.bss)
    accel_cali_offset                        0x20000f14   Data          12  ins_task.o(.bss)
    ist8310_real_data                        0x20000f20   Data          16  ins_task.o(.bss)
    mag_offset                               0x20000f30   Data          12  ins_task.o(.bss)
    mag_cali_offset                          0x20000f3c   Data          12  ins_task.o(.bss)
    INS_angle                                0x20000fe8   Data          12  ins_task.o(.bss)
    xQueueRegistry                           0x20000ff4   Data          64  queue.o(.bss)
    __libspace_start                         0x20005288   Data          96  libspace.o(.bss)
    __temporary_stack_top$libspace           0x200052e8   Data           0  libspace.o(.bss)



==============================================================================

Memory Map of the image

  Image Entry point : 0x08000189

  Load Region LR_IROM1 (Base: 0x08000000, Size: 0x00011310, Max: 0x00100000, ABSOLUTE, COMPRESSED[0x00011168])

    Execution Region ER_IROM1 (Exec base: 0x08000000, Load base: 0x08000000, Size: 0x000110c8, Max: 0x00100000, ABSOLUTE)

    Exec Addr    Load Addr    Size         Type   Attr      Idx    E Section Name        Object

    0x08000000   0x08000000   0x00000188   Data   RO            3    RESET               startup_stm32f407xx.o
    0x08000188   0x08000188   0x00000008   Code   RO         8521  * !!!main             c_w.l(__main.o)
    0x08000190   0x08000190   0x00000034   Code   RO         8849    !!!scatter          c_w.l(__scatter.o)
    0x080001c4   0x080001c4   0x0000005a   Code   RO         8847    !!dczerorl2         c_w.l(__dczerorl2.o)
    0x0800021e   0x0800021e   0x00000002   PAD
    0x08000220   0x08000220   0x0000001c   Code   RO         8851    !!handler_zi        c_w.l(__scatter_zi.o)
    0x0800023c   0x0800023c   0x00000002   Code   RO         8718    .ARM.Collect$$libinit$$00000000  c_w.l(libinit.o)
    0x0800023e   0x0800023e   0x00000004   Code   RO         8727    .ARM.Collect$$libinit$$00000001  c_w.l(libinit2.o)
    0x08000242   0x08000242   0x00000000   Code   RO         8730    .ARM.Collect$$libinit$$00000004  c_w.l(libinit2.o)
    0x08000242   0x08000242   0x00000000   Code   RO         8733    .ARM.Collect$$libinit$$0000000A  c_w.l(libinit2.o)
    0x08000242   0x08000242   0x00000000   Code   RO         8735    .ARM.Collect$$libinit$$0000000C  c_w.l(libinit2.o)
    0x08000242   0x08000242   0x00000000   Code   RO         8737    .ARM.Collect$$libinit$$0000000E  c_w.l(libinit2.o)
    0x08000242   0x08000242   0x00000000   Code   RO         8740    .ARM.Collect$$libinit$$00000011  c_w.l(libinit2.o)
    0x08000242   0x08000242   0x00000000   Code   RO         8742    .ARM.Collect$$libinit$$00000013  c_w.l(libinit2.o)
    0x08000242   0x08000242   0x00000000   Code   RO         8744    .ARM.Collect$$libinit$$00000015  c_w.l(libinit2.o)
    0x08000242   0x08000242   0x00000000   Code   RO         8746    .ARM.Collect$$libinit$$00000017  c_w.l(libinit2.o)
    0x08000242   0x08000242   0x00000000   Code   RO         8748    .ARM.Collect$$libinit$$00000019  c_w.l(libinit2.o)
    0x08000242   0x08000242   0x00000000   Code   RO         8750    .ARM.Collect$$libinit$$0000001B  c_w.l(libinit2.o)
    0x08000242   0x08000242   0x00000000   Code   RO         8752    .ARM.Collect$$libinit$$0000001D  c_w.l(libinit2.o)
    0x08000242   0x08000242   0x00000000   Code   RO         8754    .ARM.Collect$$libinit$$0000001F  c_w.l(libinit2.o)
    0x08000242   0x08000242   0x00000000   Code   RO         8756    .ARM.Collect$$libinit$$00000021  c_w.l(libinit2.o)
    0x08000242   0x08000242   0x00000000   Code   RO         8758    .ARM.Collect$$libinit$$00000023  c_w.l(libinit2.o)
    0x08000242   0x08000242   0x00000000   Code   RO         8760    .ARM.Collect$$libinit$$00000025  c_w.l(libinit2.o)
    0x08000242   0x08000242   0x00000000   Code   RO         8764    .ARM.Collect$$libinit$$0000002C  c_w.l(libinit2.o)
    0x08000242   0x08000242   0x00000000   Code   RO         8766    .ARM.Collect$$libinit$$0000002E  c_w.l(libinit2.o)
    0x08000242   0x08000242   0x00000000   Code   RO         8768    .ARM.Collect$$libinit$$00000030  c_w.l(libinit2.o)
    0x08000242   0x08000242   0x00000000   Code   RO         8770    .ARM.Collect$$libinit$$00000032  c_w.l(libinit2.o)
    0x08000242   0x08000242   0x00000002   Code   RO         8771    .ARM.Collect$$libinit$$00000033  c_w.l(libinit2.o)
    0x08000244   0x08000244   0x00000002   Code   RO         8802    .ARM.Collect$$libshutdown$$00000000  c_w.l(libshutdown.o)
    0x08000246   0x08000246   0x00000000   Code   RO         8828    .ARM.Collect$$libshutdown$$00000002  c_w.l(libshutdown2.o)
    0x08000246   0x08000246   0x00000000   Code   RO         8830    .ARM.Collect$$libshutdown$$00000004  c_w.l(libshutdown2.o)
    0x08000246   0x08000246   0x00000000   Code   RO         8832    .ARM.Collect$$libshutdown$$00000006  c_w.l(libshutdown2.o)
    0x08000246   0x08000246   0x00000000   Code   RO         8835    .ARM.Collect$$libshutdown$$00000009  c_w.l(libshutdown2.o)
    0x08000246   0x08000246   0x00000000   Code   RO         8838    .ARM.Collect$$libshutdown$$0000000C  c_w.l(libshutdown2.o)
    0x08000246   0x08000246   0x00000000   Code   RO         8840    .ARM.Collect$$libshutdown$$0000000E  c_w.l(libshutdown2.o)
    0x08000246   0x08000246   0x00000000   Code   RO         8843    .ARM.Collect$$libshutdown$$00000011  c_w.l(libshutdown2.o)
    0x08000246   0x08000246   0x00000002   Code   RO         8844    .ARM.Collect$$libshutdown$$00000012  c_w.l(libshutdown2.o)
    0x08000248   0x08000248   0x00000000   Code   RO         8617    .ARM.Collect$$rtentry$$00000000  c_w.l(__rtentry.o)
    0x08000248   0x08000248   0x00000000   Code   RO         8675    .ARM.Collect$$rtentry$$00000002  c_w.l(__rtentry2.o)
    0x08000248   0x08000248   0x00000006   Code   RO         8687    .ARM.Collect$$rtentry$$00000004  c_w.l(__rtentry4.o)
    0x0800024e   0x0800024e   0x00000000   Code   RO         8677    .ARM.Collect$$rtentry$$00000009  c_w.l(__rtentry2.o)
    0x0800024e   0x0800024e   0x00000004   Code   RO         8678    .ARM.Collect$$rtentry$$0000000A  c_w.l(__rtentry2.o)
    0x08000252   0x08000252   0x00000000   Code   RO         8680    .ARM.Collect$$rtentry$$0000000C  c_w.l(__rtentry2.o)
    0x08000252   0x08000252   0x00000008   Code   RO         8681    .ARM.Collect$$rtentry$$0000000D  c_w.l(__rtentry2.o)
    0x0800025a   0x0800025a   0x00000002   Code   RO         8719    .ARM.Collect$$rtexit$$00000000  c_w.l(rtexit.o)
    0x0800025c   0x0800025c   0x00000000   Code   RO         8775    .ARM.Collect$$rtexit$$00000002  c_w.l(rtexit2.o)
    0x0800025c   0x0800025c   0x00000004   Code   RO         8776    .ARM.Collect$$rtexit$$00000003  c_w.l(rtexit2.o)
    0x08000260   0x08000260   0x00000006   Code   RO         8777    .ARM.Collect$$rtexit$$00000004  c_w.l(rtexit2.o)
    0x08000266   0x08000266   0x00000002   PAD
    0x08000268   0x08000268   0x000000be   Code   RO         7506    .emb_text           port.o
    0x08000326   0x08000326   0x00000002   PAD
    0x08000328   0x08000328   0x00000040   Code   RO            4    .text               startup_stm32f407xx.o
    0x08000368   0x08000368   0x00000078   Code   RO         8260    .text               arm_cortexM4lf_math.lib(arm_cos_f32.o)
    0x080003e0   0x080003e0   0x00000074   Code   RO         8313    .text               arm_cortexM4lf_math.lib(arm_sin_f32.o)
    0x08000454   0x08000454   0x000000ee   Code   RO         8505    .text               c_w.l(lludivv7m.o)
    0x08000542   0x08000542   0x0000003e   Code   RO         8507    .text               c_w.l(strlen.o)
    0x08000580   0x08000580   0x0000008a   Code   RO         8509    .text               c_w.l(rt_memcpy_v6.o)
    0x0800060a   0x0800060a   0x00000064   Code   RO         8511    .text               c_w.l(rt_memcpy_w.o)
    0x0800066e   0x0800066e   0x00000010   Code   RO         8515    .text               c_w.l(aeabi_memset.o)
    0x0800067e   0x0800067e   0x0000004e   Code   RO         8517    .text               c_w.l(rt_memclr_w.o)
    0x080006cc   0x080006cc   0x00000006   Code   RO         8519    .text               c_w.l(heapauxi.o)
    0x080006d2   0x080006d2   0x00000016   Code   RO         8622    .text               c_w.l(_rserrno.o)
    0x080006e8   0x080006e8   0x00000044   Code   RO         8624    .text               c_w.l(rt_memclr.o)
    0x0800072c   0x0800072c   0x00000008   Code   RO         8694    .text               c_w.l(rt_errno_addr_intlibspace.o)
    0x08000734   0x08000734   0x00000030   Code   RO         8696    .text               c_w.l(_fptrap.o)
    0x08000764   0x08000764   0x00000008   Code   RO         8702    .text               c_w.l(libspace.o)
    0x0800076c   0x0800076c   0x0000004a   Code   RO         8705    .text               c_w.l(sys_stackheap_outer.o)
    0x080007b6   0x080007b6   0x00000012   Code   RO         8707    .text               c_w.l(exit.o)
    0x080007c8   0x080007c8   0x0000000e   Code   RO         8709    .text               c_w.l(defsig_fpe_outer.o)
    0x080007d6   0x080007d6   0x0000000a   Code   RO         8723    .text               c_w.l(defsig_exit.o)
    0x080007e0   0x080007e0   0x000000ac   Code   RO         8725    .text               c_w.l(defsig_fpe_inner.o)
    0x0800088c   0x0800088c   0x0000000c   Code   RO         8772    .text               c_w.l(sys_exit.o)
    0x08000898   0x08000898   0x00000032   Code   RO         8783    .text               c_w.l(defsig_general.o)
    0x080008ca   0x080008ca   0x0000000e   Code   RO         8789    .text               c_w.l(sys_wrch.o)
    0x080008d8   0x080008d8   0x00000002   Code   RO         8791    .text               c_w.l(use_no_semi.o)
    0x080008da   0x080008da   0x00000000   Code   RO         8793    .text               c_w.l(indicate_semi.o)
    0x080008da   0x080008da   0x00000018   Code   RO         8009    i.AHRS_asinf        ahrs_middleware.o
    0x080008f2   0x080008f2   0x00000020   Code   RO         8010    i.AHRS_atan2f       ahrs_middleware.o
    0x08000912   0x08000912   0x00000018   Code   RO         8011    i.AHRS_cosf         ahrs_middleware.o
    0x0800092a   0x0800092a   0x0000001a   Code   RO         8334    i.AHRS_fabs         AHRS.lib(ahrs.o)
    0x08000944   0x08000944   0x00000010   Code   RO         8012    i.AHRS_get_height   ahrs_middleware.o
    0x08000954   0x08000954   0x0000000c   Code   RO         8013    i.AHRS_get_latitude  ahrs_middleware.o
    0x08000960   0x08000960   0x0000029c   Code   RO         8335    i.AHRS_init         AHRS.lib(ahrs.o)
    0x08000bfc   0x08000bfc   0x00000024   Code   RO         8014    i.AHRS_invSqrt      ahrs_middleware.o
    0x08000c20   0x08000c20   0x00000018   Code   RO         8015    i.AHRS_sinf         ahrs_middleware.o
    0x08000c38   0x08000c38   0x0000013a   Code   RO         8336    i.AHRS_update       AHRS.lib(ahrs.o)
    0x08000d72   0x08000d72   0x00000002   PAD
    0x08000d74   0x08000d74   0x00000014   Code   RO         7800    i.BMI088_ACCEL_NS_H  bmi088middleware.o
    0x08000d88   0x08000d88   0x00000014   Code   RO         7801    i.BMI088_ACCEL_NS_L  bmi088middleware.o
    0x08000d9c   0x08000d9c   0x00000002   Code   RO         7802    i.BMI088_GPIO_init  bmi088middleware.o
    0x08000d9e   0x08000d9e   0x00000002   PAD
    0x08000da0   0x08000da0   0x00000014   Code   RO         7803    i.BMI088_GYRO_NS_H  bmi088middleware.o
    0x08000db4   0x08000db4   0x00000014   Code   RO         7804    i.BMI088_GYRO_NS_L  bmi088middleware.o
    0x08000dc8   0x08000dc8   0x00000090   Code   RO         7586    i.BMI088_accel_read_over  bmi088drive.o
    0x08000e58   0x08000e58   0x00000002   Code   RO         7805    i.BMI088_com_init   bmi088middleware.o
    0x08000e5a   0x08000e5a   0x0000000c   Code   RO         7806    i.BMI088_delay_ms   bmi088middleware.o
    0x08000e66   0x08000e66   0x0000000c   Code   RO         7807    i.BMI088_delay_us   bmi088middleware.o
    0x08000e72   0x08000e72   0x00000002   PAD
    0x08000e74   0x08000e74   0x00000068   Code   RO         7587    i.BMI088_gyro_read_over  bmi088drive.o
    0x08000edc   0x08000edc   0x00000034   Code   RO         7588    i.BMI088_init       bmi088drive.o
    0x08000f10   0x08000f10   0x0000017c   Code   RO         7589    i.BMI088_read       bmi088drive.o
    0x0800108c   0x0800108c   0x00000026   Code   RO         7592    i.BMI088_read_muli_reg  bmi088drive.o
    0x080010b2   0x080010b2   0x00000018   Code   RO         7593    i.BMI088_read_single_reg  bmi088drive.o
    0x080010ca   0x080010ca   0x00000002   PAD
    0x080010cc   0x080010cc   0x00000020   Code   RO         7808    i.BMI088_read_write_byte  bmi088middleware.o
    0x080010ec   0x080010ec   0x00000034   Code   RO         7594    i.BMI088_temperature_read_over  bmi088drive.o
    0x08001120   0x08001120   0x00000014   Code   RO         7595    i.BMI088_write_single_reg  bmi088drive.o
    0x08001134   0x08001134   0x00000004   Code   RO          662    i.BusFault_Handler  stm32f4xx_it.o
    0x08001138   0x08001138   0x00000010   Code   RO          663    i.CAN1_RX0_IRQHandler  stm32f4xx_it.o
    0x08001148   0x08001148   0x00000010   Code   RO          664    i.CAN2_RX0_IRQHandler  stm32f4xx_it.o
    0x08001158   0x08001158   0x00000050   Code   RO         4962    i.CAN_cmd_chassis   can_receive.o
    0x080011a8   0x080011a8   0x00000044   Code   RO         4963    i.CAN_cmd_chassis_reset_ID  can_receive.o
    0x080011ec   0x080011ec   0x00000010   Code   RO          665    i.DMA1_Stream1_IRQHandler  stm32f4xx_it.o
    0x080011fc   0x080011fc   0x00000898   Code   RO         5579    i.DMA2_Stream2_IRQHandler  ins_task.o
    0x08001a94   0x08001a94   0x00000010   Code   RO          666    i.DMA2_Stream3_IRQHandler  stm32f4xx_it.o
    0x08001aa4   0x08001aa4   0x00000034   Code   RO         1536    i.DMA_CalcBaseAndBitshift  stm32f4xx_hal_dma.o
    0x08001ad8   0x08001ad8   0x000000aa   Code   RO         1537    i.DMA_CheckFifoParam  stm32f4xx_hal_dma.o
    0x08001b82   0x08001b82   0x00000002   Code   RO          667    i.DebugMon_Handler  stm32f4xx_it.o
    0x08001b84   0x08001b84   0x0000000a   Code   RO          668    i.EXTI0_IRQHandler  stm32f4xx_it.o
    0x08001b8e   0x08001b8e   0x0000000a   Code   RO          669    i.EXTI3_IRQHandler  stm32f4xx_it.o
    0x08001b98   0x08001b98   0x0000000a   Code   RO          670    i.EXTI4_IRQHandler  stm32f4xx_it.o
    0x08001ba2   0x08001ba2   0x0000000a   Code   RO          671    i.EXTI9_5_IRQHandler  stm32f4xx_it.o
    0x08001bac   0x08001bac   0x00000006   Code   RO           13    i.Error_Handler     main.o
    0x08001bb2   0x08001bb2   0x00000002   PAD
    0x08001bb4   0x08001bb4   0x0000005c   Code   RO         1306    i.FLASH_Erase_Sector  stm32f4xx_hal_flash_ex.o
    0x08001c10   0x08001c10   0x00000078   Code   RO         1307    i.FLASH_FlushCaches  stm32f4xx_hal_flash_ex.o
    0x08001c88   0x08001c88   0x00000030   Code   RO         1308    i.FLASH_MassErase   stm32f4xx_hal_flash_ex.o
    0x08001cb8   0x08001cb8   0x00000024   Code   RO         1188    i.FLASH_Program_Byte  stm32f4xx_hal_flash.o
    0x08001cdc   0x08001cdc   0x00000030   Code   RO         1189    i.FLASH_Program_DoubleWord  stm32f4xx_hal_flash.o
    0x08001d0c   0x08001d0c   0x00000028   Code   RO         1190    i.FLASH_Program_HalfWord  stm32f4xx_hal_flash.o
    0x08001d34   0x08001d34   0x00000028   Code   RO         1191    i.FLASH_Program_Word  stm32f4xx_hal_flash.o
    0x08001d5c   0x08001d5c   0x00000098   Code   RO         1192    i.FLASH_SetErrorCode  stm32f4xx_hal_flash.o
    0x08001df4   0x08001df4   0x00000064   Code   RO         1193    i.FLASH_WaitForLastOperation  stm32f4xx_hal_flash.o
    0x08001e58   0x08001e58   0x0000002a   Code   RO          799    i.HAL_CAN_ActivateNotification  stm32f4xx_hal_can.o
    0x08001e82   0x08001e82   0x0000014a   Code   RO          800    i.HAL_CAN_AddTxMessage  stm32f4xx_hal_can.o
    0x08001fcc   0x08001fcc   0x00000124   Code   RO          801    i.HAL_CAN_ConfigFilter  stm32f4xx_hal_can.o
    0x080020f0   0x080020f0   0x00000002   Code   RO          804    i.HAL_CAN_ErrorCallback  stm32f4xx_hal_can.o
    0x080020f2   0x080020f2   0x00000194   Code   RO          807    i.HAL_CAN_GetRxMessage  stm32f4xx_hal_can.o
    0x08002286   0x08002286   0x0000024e   Code   RO          811    i.HAL_CAN_IRQHandler  stm32f4xx_hal_can.o
    0x080024d4   0x080024d4   0x00000174   Code   RO          812    i.HAL_CAN_Init      stm32f4xx_hal_can.o
    0x08002648   0x08002648   0x00000160   Code   RO          350    i.HAL_CAN_MspInit   can.o
    0x080027a8   0x080027a8   0x00000002   Code   RO          819    i.HAL_CAN_RxFifo0FullCallback  stm32f4xx_hal_can.o
    0x080027aa   0x080027aa   0x00000002   PAD
    0x080027ac   0x080027ac   0x000000d8   Code   RO         4964    i.HAL_CAN_RxFifo0MsgPendingCallback  can_receive.o
    0x08002884   0x08002884   0x00000002   Code   RO          821    i.HAL_CAN_RxFifo1FullCallback  stm32f4xx_hal_can.o
    0x08002886   0x08002886   0x00000002   Code   RO          822    i.HAL_CAN_RxFifo1MsgPendingCallback  stm32f4xx_hal_can.o
    0x08002888   0x08002888   0x00000002   Code   RO          823    i.HAL_CAN_SleepCallback  stm32f4xx_hal_can.o
    0x0800288a   0x0800288a   0x0000005e   Code   RO          824    i.HAL_CAN_Start     stm32f4xx_hal_can.o
    0x080028e8   0x080028e8   0x00000002   Code   RO          826    i.HAL_CAN_TxMailbox0AbortCallback  stm32f4xx_hal_can.o
    0x080028ea   0x080028ea   0x00000002   Code   RO          827    i.HAL_CAN_TxMailbox0CompleteCallback  stm32f4xx_hal_can.o
    0x080028ec   0x080028ec   0x00000002   Code   RO          828    i.HAL_CAN_TxMailbox1AbortCallback  stm32f4xx_hal_can.o
    0x080028ee   0x080028ee   0x00000002   Code   RO          829    i.HAL_CAN_TxMailbox1CompleteCallback  stm32f4xx_hal_can.o
    0x080028f0   0x080028f0   0x00000002   Code   RO          830    i.HAL_CAN_TxMailbox2AbortCallback  stm32f4xx_hal_can.o
    0x080028f2   0x080028f2   0x00000002   Code   RO          831    i.HAL_CAN_TxMailbox2CompleteCallback  stm32f4xx_hal_can.o
    0x080028f4   0x080028f4   0x00000002   Code   RO          833    i.HAL_CAN_WakeUpFromRxMsgCallback  stm32f4xx_hal_can.o
    0x080028f6   0x080028f6   0x00000002   PAD
    0x080028f8   0x080028f8   0x00000240   Code   RO         1544    i.HAL_DMA_IRQHandler  stm32f4xx_hal_dma.o
    0x08002b38   0x08002b38   0x000000ec   Code   RO         1545    i.HAL_DMA_Init      stm32f4xx_hal_dma.o
    0x08002c24   0x08002c24   0x000000ac   Code   RO         1318    i.HAL_FLASHEx_Erase  stm32f4xx_hal_flash_ex.o
    0x08002cd0   0x08002cd0   0x00000014   Code   RO         1197    i.HAL_FLASH_Lock    stm32f4xx_hal_flash.o
    0x08002ce4   0x08002ce4   0x00000098   Code   RO         1202    i.HAL_FLASH_Program  stm32f4xx_hal_flash.o
    0x08002d7c   0x08002d7c   0x00000034   Code   RO         1204    i.HAL_FLASH_Unlock  stm32f4xx_hal_flash.o
    0x08002db0   0x08002db0   0x000000b8   Code   RO         5580    i.HAL_GPIO_EXTI_Callback  ins_task.o
    0x08002e68   0x08002e68   0x0000001c   Code   RO         1431    i.HAL_GPIO_EXTI_IRQHandler  stm32f4xx_hal_gpio.o
    0x08002e84   0x08002e84   0x000001f4   Code   RO         1432    i.HAL_GPIO_Init     stm32f4xx_hal_gpio.o
    0x08003078   0x08003078   0x0000000c   Code   RO         1436    i.HAL_GPIO_WritePin  stm32f4xx_hal_gpio.o
    0x08003084   0x08003084   0x0000000c   Code   RO         1987    i.HAL_GetTick       stm32f4xx_hal.o
    0x08003090   0x08003090   0x000001d0   Code   RO         2243    i.HAL_I2C_Init      stm32f4xx_hal_i2c.o
    0x08003260   0x08003260   0x00000308   Code   RO         2261    i.HAL_I2C_Mem_Read  stm32f4xx_hal_i2c.o
    0x08003568   0x08003568   0x00000164   Code   RO         2264    i.HAL_I2C_Mem_Write  stm32f4xx_hal_i2c.o
    0x080036cc   0x080036cc   0x000000c8   Code   RO          423    i.HAL_I2C_MspInit   i2c.o
    0x08003794   0x08003794   0x00000018   Code   RO         1993    i.HAL_IncTick       stm32f4xx_hal.o
    0x080037ac   0x080037ac   0x0000003c   Code   RO         1994    i.HAL_Init          stm32f4xx_hal.o
    0x080037e8   0x080037e8   0x0000004c   Code   RO         1995    i.HAL_InitTick      stm32f4xx_hal.o
    0x08003834   0x08003834   0x00000054   Code   RO          774    i.HAL_MspInit       stm32f4xx_hal_msp.o
    0x08003888   0x08003888   0x00000028   Code   RO         1824    i.HAL_NVIC_EnableIRQ  stm32f4xx_hal_cortex.o
    0x080038b0   0x080038b0   0x0000007c   Code   RO         1830    i.HAL_NVIC_SetPriority  stm32f4xx_hal_cortex.o
    0x0800392c   0x0800392c   0x00000028   Code   RO         1831    i.HAL_NVIC_SetPriorityGrouping  stm32f4xx_hal_cortex.o
    0x08003954   0x08003954   0x000001a0   Code   RO         1138    i.HAL_RCCEx_PeriphCLKConfig  stm32f4xx_hal_rcc_ex.o
    0x08003af4   0x08003af4   0x00000184   Code   RO         1033    i.HAL_RCC_ClockConfig  stm32f4xx_hal_rcc.o
    0x08003c78   0x08003c78   0x0000000c   Code   RO         1038    i.HAL_RCC_GetHCLKFreq  stm32f4xx_hal_rcc.o
    0x08003c84   0x08003c84   0x00000020   Code   RO         1040    i.HAL_RCC_GetPCLK1Freq  stm32f4xx_hal_rcc.o
    0x08003ca4   0x08003ca4   0x00000020   Code   RO         1041    i.HAL_RCC_GetPCLK2Freq  stm32f4xx_hal_rcc.o
    0x08003cc4   0x08003cc4   0x000000b0   Code   RO         1042    i.HAL_RCC_GetSysClockFreq  stm32f4xx_hal_rcc.o
    0x08003d74   0x08003d74   0x0000049c   Code   RO         1045    i.HAL_RCC_OscConfig  stm32f4xx_hal_rcc.o
    0x08004210   0x08004210   0x000000b4   Code   RO         2740    i.HAL_RTC_Init      stm32f4xx_hal_rtc.o
    0x080042c4   0x080042c4   0x0000003c   Code   RO          465    i.HAL_RTC_MspInit   rtc.o
    0x08004300   0x08004300   0x00000038   Code   RO         2748    i.HAL_RTC_WaitForSynchro  stm32f4xx_hal_rtc.o
    0x08004338   0x08004338   0x000000c8   Code   RO         3140    i.HAL_SPI_Init      stm32f4xx_hal_spi.o
    0x08004400   0x08004400   0x00000158   Code   RO          507    i.HAL_SPI_MspInit   spi.o
    0x08004558   0x08004558   0x00000248   Code   RO         3149    i.HAL_SPI_TransmitReceive  stm32f4xx_hal_spi.o
    0x080047a0   0x080047a0   0x00000034   Code   RO         1835    i.HAL_SYSTICK_Config  stm32f4xx_hal_cortex.o
    0x080047d4   0x080047d4   0x000000b4   Code   RO         4187    i.HAL_TIMEx_MasterConfigSynchronization  stm32f4xx_hal_tim_ex.o
    0x08004888   0x08004888   0x00000066   Code   RO         3453    i.HAL_TIM_Base_Init  stm32f4xx_hal_tim.o
    0x080048ee   0x080048ee   0x00000002   PAD
    0x080048f0   0x080048f0   0x000000ec   Code   RO          549    i.HAL_TIM_Base_MspInit  tim.o
    0x080049dc   0x080049dc   0x0000010c   Code   RO         3462    i.HAL_TIM_ConfigClockSource  stm32f4xx_hal_tim.o
    0x08004ae8   0x08004ae8   0x0000014c   Code   RO          550    i.HAL_TIM_MspPostInit  tim.o
    0x08004c34   0x08004c34   0x00000104   Code   RO         3525    i.HAL_TIM_PWM_ConfigChannel  stm32f4xx_hal_tim.o
    0x08004d38   0x08004d38   0x00000066   Code   RO         3528    i.HAL_TIM_PWM_Init  stm32f4xx_hal_tim.o
    0x08004d9e   0x08004d9e   0x00000002   Code   RO         3530    i.HAL_TIM_PWM_MspInit  stm32f4xx_hal_tim.o
    0x08004da0   0x08004da0   0x00000076   Code   RO         4465    i.HAL_UART_Init     stm32f4xx_hal_uart.o
    0x08004e16   0x08004e16   0x00000002   PAD
    0x08004e18   0x08004e18   0x000000e0   Code   RO          621    i.HAL_UART_MspInit  usart.o
    0x08004ef8   0x08004ef8   0x00000004   Code   RO          672    i.HardFault_Handler  stm32f4xx_it.o
    0x08004efc   0x08004efc   0x0000003e   Code   RO         2287    i.I2C_IsAcknowledgeFailed  stm32f4xx_hal_i2c.o
    0x08004f3a   0x08004f3a   0x00000002   PAD
    0x08004f3c   0x08004f3c   0x00000160   Code   RO         2298    i.I2C_RequestMemoryRead  stm32f4xx_hal_i2c.o
    0x0800509c   0x0800509c   0x000000e0   Code   RO         2299    i.I2C_RequestMemoryWrite  stm32f4xx_hal_i2c.o
    0x0800517c   0x0800517c   0x00000066   Code   RO         2307    i.I2C_WaitOnBTFFlagUntilTimeout  stm32f4xx_hal_i2c.o
    0x080051e2   0x080051e2   0x000000be   Code   RO         2308    i.I2C_WaitOnFlagUntilTimeout  stm32f4xx_hal_i2c.o
    0x080052a0   0x080052a0   0x000000fa   Code   RO         2309    i.I2C_WaitOnMasterAddressFlagUntilTimeout  stm32f4xx_hal_i2c.o
    0x0800539a   0x0800539a   0x0000008a   Code   RO         2310    i.I2C_WaitOnRXNEFlagUntilTimeout  stm32f4xx_hal_i2c.o
    0x08005424   0x08005424   0x00000066   Code   RO         2313    i.I2C_WaitOnTXEFlagUntilTimeout  stm32f4xx_hal_i2c.o
    0x0800548a   0x0800548a   0x00000002   PAD
    0x0800548c   0x0800548c   0x0000007c   Code   RO         5581    i.INS_cali_gyro     ins_task.o
    0x08005508   0x08005508   0x00000048   Code   RO         5582    i.INS_set_cali_gyro  ins_task.o
    0x08005550   0x08005550   0x00000304   Code   RO         5583    i.INS_task          ins_task.o
    0x08005854   0x08005854   0x00000044   Code   RO          351    i.MX_CAN1_Init      can.o
    0x08005898   0x08005898   0x00000044   Code   RO          352    i.MX_CAN2_Init      can.o
    0x080058dc   0x080058dc   0x00000078   Code   RO          398    i.MX_DMA_Init       dma.o
    0x08005954   0x08005954   0x000000b4   Code   RO          299    i.MX_FREERTOS_Init  freertos.o
    0x08005a08   0x08005a08   0x000001c0   Code   RO          275    i.MX_GPIO_Init      gpio.o
    0x08005bc8   0x08005bc8   0x0000003c   Code   RO          424    i.MX_I2C3_Init      i2c.o
    0x08005c04   0x08005c04   0x00000034   Code   RO          466    i.MX_RTC_Init       rtc.o
    0x08005c38   0x08005c38   0x00000048   Code   RO          508    i.MX_SPI1_Init      spi.o
    0x08005c80   0x08005c80   0x0000006c   Code   RO          551    i.MX_TIM10_Init     tim.o
    0x08005cec   0x08005cec   0x000000a4   Code   RO          552    i.MX_TIM3_Init      tim.o
    0x08005d90   0x08005d90   0x000000a4   Code   RO          553    i.MX_TIM4_Init      tim.o
    0x08005e34   0x08005e34   0x000000c0   Code   RO          554    i.MX_TIM5_Init      tim.o
    0x08005ef4   0x08005ef4   0x00000070   Code   RO          555    i.MX_TIM8_Init      tim.o
    0x08005f64   0x08005f64   0x00000038   Code   RO          622    i.MX_USART3_UART_Init  usart.o
    0x08005f9c   0x08005f9c   0x00000004   Code   RO          673    i.MemManage_Handler  stm32f4xx_it.o
    0x08005fa0   0x08005fa0   0x00000004   Code   RO          674    i.NMI_Handler       stm32f4xx_it.o
    0x08005fa4   0x08005fa4   0x000001f0   Code   RO         4845    i.PID_calc          pid.o
    0x08006194   0x08006194   0x00000060   Code   RO         4847    i.PID_init          pid.o
    0x080061f4   0x080061f4   0x00000368   Code   RO         5117    i.RC_cmd_to_calibrate  calibrate_task.o
    0x0800655c   0x0800655c   0x00000050   Code   RO         5977    i.RC_restart        bsp_rc.o
    0x080065ac   0x080065ac   0x00000018   Code   RO         5978    i.RC_unable         bsp_rc.o
    0x080065c4   0x080065c4   0x0000004a   Code   RO         2751    i.RTC_EnterInitMode  stm32f4xx_hal_rtc.o
    0x0800660e   0x0800660e   0x0000002e   Code   RO         2752    i.RTC_ExitInitMode  stm32f4xx_hal_rtc.o
    0x0800663c   0x0800663c   0x0000273c   Code   RO         6013    i.SPI1_DMA_enable   bsp_spi.o
    0x08008d78   0x08008d78   0x00000180   Code   RO         6014    i.SPI1_DMA_init     bsp_spi.o
    0x08008ef8   0x08008ef8   0x00000088   Code   RO         3178    i.SPI_EndRxTxTransaction  stm32f4xx_hal_spi.o
    0x08008f80   0x08008f80   0x000000d8   Code   RO         3183    i.SPI_WaitFlagStateUntilTimeout  stm32f4xx_hal_spi.o
    0x08009058   0x08009058   0x0000000c   Code   RO          300    i.StartDefaultTask  freertos.o
    0x08009064   0x08009064   0x00000014   Code   RO          675    i.SysTick_Handler   stm32f4xx_it.o
    0x08009078   0x08009078   0x000000b8   Code   RO           14    i.SystemClock_Config  main.o
    0x08009130   0x08009130   0x00000014   Code   RO         4809    i.SystemInit        system_stm32f4xx.o
    0x08009144   0x08009144   0x000000e8   Code   RO         3546    i.TIM_Base_SetConfig  stm32f4xx_hal_tim.o
    0x0800922c   0x0800922c   0x00000016   Code   RO         3557    i.TIM_ETR_SetConfig  stm32f4xx_hal_tim.o
    0x08009242   0x08009242   0x00000012   Code   RO         3558    i.TIM_ITRx_SetConfig  stm32f4xx_hal_tim.o
    0x08009254   0x08009254   0x00000070   Code   RO         3559    i.TIM_OC1_SetConfig  stm32f4xx_hal_tim.o
    0x080092c4   0x080092c4   0x0000007c   Code   RO         3560    i.TIM_OC2_SetConfig  stm32f4xx_hal_tim.o
    0x08009340   0x08009340   0x00000078   Code   RO         3561    i.TIM_OC3_SetConfig  stm32f4xx_hal_tim.o
    0x080093b8   0x080093b8   0x00000054   Code   RO         3562    i.TIM_OC4_SetConfig  stm32f4xx_hal_tim.o
    0x0800940c   0x0800940c   0x00000026   Code   RO         3564    i.TIM_TI1_ConfigInputStage  stm32f4xx_hal_tim.o
    0x08009432   0x08009432   0x00000028   Code   RO         3566    i.TIM_TI2_ConfigInputStage  stm32f4xx_hal_tim.o
    0x0800945a   0x0800945a   0x00000002   PAD
    0x0800945c   0x0800945c   0x0000022c   Code   RO         4492    i.UART_SetConfig    stm32f4xx_hal_uart.o
    0x08009688   0x08009688   0x00000130   Code   RO         5473    i.USART3_IRQHandler  remote_control.o
    0x080097b8   0x080097b8   0x00000004   Code   RO          676    i.UsageFault_Handler  stm32f4xx_it.o
    0x080097bc   0x080097bc   0x00000026   Code   RO         8655    i.__ARM_fpclassifyf  m_wm.l(fpclassifyf.o)
    0x080097e2   0x080097e2   0x00000002   PAD
    0x080097e4   0x080097e4   0x00000010   Code   RO         1837    i.__NVIC_GetPriorityGrouping  stm32f4xx_hal_cortex.o
    0x080097f4   0x080097f4   0x00000028   Code   RO         1838    i.__NVIC_SetPriority  stm32f4xx_hal_cortex.o
    0x0800981c   0x0800981c   0x0000012c   Code   RO         8551    i.__hardfp_asinf    m_wm.l(asinf.o)
    0x08009948   0x08009948   0x000002ac   Code   RO         8563    i.__hardfp_atan2f   m_wm.l(atan2f.o)
    0x08009bf4   0x08009bf4   0x00000014   Code   RO         8575    i.__hardfp_fabs     m_wm.l(fabs.o)
    0x08009c08   0x08009c08   0x0000007a   Code   RO         8593    i.__hardfp_sqrt     m_wm.l(sqrt_full.o)
    0x08009c82   0x08009c82   0x0000003a   Code   RO         8599    i.__hardfp_sqrtf    m_wm.l(sqrtf_full.o)
    0x08009cbc   0x08009cbc   0x00000006   Code   RO         8658    i.__mathlib_flt_infnan  m_wm.l(funder.o)
    0x08009cc2   0x08009cc2   0x00000006   Code   RO         8659    i.__mathlib_flt_infnan2  m_wm.l(funder.o)
    0x08009cc8   0x08009cc8   0x00000010   Code   RO         8660    i.__mathlib_flt_invalid  m_wm.l(funder.o)
    0x08009cd8   0x08009cd8   0x00000010   Code   RO         8663    i.__mathlib_flt_underflow  m_wm.l(funder.o)
    0x08009ce8   0x08009ce8   0x00000068   Code   RO         5950    i.aRGB_led_show     bsp_led.o
    0x08009d50   0x08009d50   0x000001d0   Code   RO         8337    i.accel_comple_filter  AHRS.lib(ahrs.o)
    0x08009f20   0x08009f20   0x0000018c   Code   RO         8338    i.accel_update_kp_ki  AHRS.lib(ahrs.o)
    0x0800a0ac   0x0800a0ac   0x0000016c   Code   RO         8339    i.angle_to_quat     AHRS.lib(ahrs.o)
    0x0800a218   0x0800a218   0x00000134   Code   RO         7596    i.bmi088_accel_init  bmi088drive.o
    0x0800a34c   0x0800a34c   0x000002fc   Code   RO         7597    i.bmi088_accel_self_test  bmi088drive.o
    0x0800a648   0x0800a648   0x000000f4   Code   RO         7598    i.bmi088_gyro_init  bmi088drive.o
    0x0800a73c   0x0800a73c   0x000000d0   Code   RO         7599    i.bmi088_gyro_self_test  bmi088drive.o
    0x0800a80c   0x0800a80c   0x00000010   Code   RO         5802    i.buzzer_off        bsp_buzzer.o
    0x0800a81c   0x0800a81c   0x00000014   Code   RO         5803    i.buzzer_on         bsp_buzzer.o
    0x0800a830   0x0800a830   0x0000008c   Code   RO         5119    i.cali_data_write   calibrate_task.o
    0x0800a8bc   0x0800a8bc   0x00000006   Code   RO         5120    i.cali_gimbal_hook  calibrate_task.o
    0x0800a8c2   0x0800a8c2   0x00000002   PAD
    0x0800a8c4   0x0800a8c4   0x00000064   Code   RO         5121    i.cali_gyro_hook    calibrate_task.o
    0x0800a928   0x0800a928   0x00000036   Code   RO         5122    i.cali_head_hook    calibrate_task.o
    0x0800a95e   0x0800a95e   0x00000002   PAD
    0x0800a960   0x0800a960   0x00000148   Code   RO         5124    i.calibrate_task    calibrate_task.o
    0x0800aaa8   0x0800aaa8   0x0000005c   Code   RO         5705    i.can_filter_init   bsp_can.o
    0x0800ab04   0x0800ab04   0x000000a0   Code   RO         5338    i.chassis_behaviour_control_set  chassis_behaviour.o
    0x0800aba4   0x0800aba4   0x0000008c   Code   RO         5339    i.chassis_behaviour_mode_set  chassis_behaviour.o
    0x0800ac30   0x0800ac30   0x000001c4   Code   RO         5240    i.chassis_control_loop  chassis_task.o
    0x0800adf4   0x0800adf4   0x00000060   Code   RO         5340    i.chassis_engineer_follow_chassis_yaw_control  chassis_behaviour.o
    0x0800ae54   0x0800ae54   0x0000016c   Code   RO         5241    i.chassis_feedback_update  chassis_task.o
    0x0800afc0   0x0800afc0   0x0000011c   Code   RO         5341    i.chassis_infantry_follow_gimbal_yaw_control  chassis_behaviour.o
    0x0800b0dc   0x0800b0dc   0x000000c8   Code   RO         5242    i.chassis_init      chassis_task.o
    0x0800b1a4   0x0800b1a4   0x00000058   Code   RO         5243    i.chassis_mode_change_control_transit  chassis_task.o
    0x0800b1fc   0x0800b1fc   0x00000044   Code   RO         5342    i.chassis_no_follow_yaw_control  chassis_behaviour.o
    0x0800b240   0x0800b240   0x0000002c   Code   RO         5343    i.chassis_no_move_control  chassis_behaviour.o
    0x0800b26c   0x0800b26c   0x0000005c   Code   RO         5344    i.chassis_open_set_control  chassis_behaviour.o
    0x0800b2c8   0x0800b2c8   0x0000015c   Code   RO         5244    i.chassis_rc_to_control_vector  chassis_task.o
    0x0800b424   0x0800b424   0x000001bc   Code   RO         5245    i.chassis_set_contorl  chassis_task.o
    0x0800b5e0   0x0800b5e0   0x00000012   Code   RO         5246    i.chassis_set_mode  chassis_task.o
    0x0800b5f2   0x0800b5f2   0x00000002   PAD
    0x0800b5f4   0x0800b5f4   0x000000cc   Code   RO         5247    i.chassis_task      chassis_task.o
    0x0800b6c0   0x0800b6c0   0x00000260   Code   RO         5248    i.chassis_vector_to_Omni_wheel_speed  chassis_task.o
    0x0800b920   0x0800b920   0x0000002c   Code   RO         5345    i.chassis_zero_force_control  chassis_behaviour.o
    0x0800b94c   0x0800b94c   0x00000050   Code   RO         5835    i.delay_us          bsp_delay.o
    0x0800b99c   0x0800b99c   0x00000124   Code   RO         5398    i.detect_hook       detect_task.o
    0x0800bac0   0x0800bac0   0x0000016c   Code   RO         5399    i.detect_init       detect_task.o
    0x0800bc2c   0x0800bc2c   0x00000288   Code   RO         5400    i.detect_task       detect_task.o
    0x0800beb4   0x0800beb4   0x00000054   Code   RO         8165    i.first_order_filter_cali  user_lib.o
    0x0800bf08   0x0800bf08   0x00000024   Code   RO         8166    i.first_order_filter_init  user_lib.o
    0x0800bf2c   0x0800bf2c   0x0000002e   Code   RO         5871    i.flash_erase_address  bsp_flash.o
    0x0800bf5a   0x0800bf5a   0x00000002   PAD
    0x0800bf5c   0x0800bf5c   0x00000098   Code   RO         5874    i.flash_write_single_address  bsp_flash.o
    0x0800bff4   0x0800bff4   0x0000002a   Code   RO         8167    i.fp32_constrain    user_lib.o
    0x0800c01e   0x0800c01e   0x00000002   PAD
    0x0800c020   0x0800c020   0x000000f4   Code   RO         5875    i.ger_sector        bsp_flash.o
    0x0800c114   0x0800c114   0x00000008   Code   RO         5584    i.get_INS_angle_point  ins_task.o
    0x0800c11c   0x0800c11c   0x000000e8   Code   RO         8340    i.get_angle         AHRS.lib(ahrs.o)
    0x0800c204   0x0800c204   0x0000000c   Code   RO         5125    i.get_control_temperature  calibrate_task.o
    0x0800c210   0x0800c210   0x000000e8   Code   RO         5876    i.get_next_flash_address  bsp_flash.o
    0x0800c2f8   0x0800c2f8   0x00000008   Code   RO         5474    i.get_remote_control_point  remote_control.o
    0x0800c300   0x0800c300   0x00000018   Code   RO         4965    i.get_trigger_motor_measure_point  can_receive.o
    0x0800c318   0x0800c318   0x00000054   Code   RO         5589    i.gyro_offset_calc  ins_task.o
    0x0800c36c   0x0800c36c   0x0000012c   Code   RO         5590    i.imu_cali_slove    ins_task.o
    0x0800c498   0x0800c498   0x00000168   Code   RO         5591    i.imu_cmd_spi_dma   ins_task.o
    0x0800c600   0x0800c600   0x0000000c   Code   RO         5925    i.imu_pwm_set       bsp_imu_pwm.o
    0x0800c60c   0x0800c60c   0x000000b8   Code   RO         5592    i.imu_temp_control  ins_task.o
    0x0800c6c4   0x0800c6c4   0x00000002   Code   RO         7929    i.ist8310_GPIO_init  ist8310driver_middleware.o
    0x0800c6c6   0x0800c6c6   0x00000002   PAD
    0x0800c6c8   0x0800c6c8   0x00000028   Code   RO         7931    i.ist8310_IIC_read_single_reg  ist8310driver_middleware.o
    0x0800c6f0   0x0800c6f0   0x00000028   Code   RO         7933    i.ist8310_IIC_write_single_reg  ist8310driver_middleware.o
    0x0800c718   0x0800c718   0x00000014   Code   RO         7934    i.ist8310_RST_H     ist8310driver_middleware.o
    0x0800c72c   0x0800c72c   0x00000014   Code   RO         7935    i.ist8310_RST_L     ist8310driver_middleware.o
    0x0800c740   0x0800c740   0x00000002   Code   RO         7936    i.ist8310_com_init  ist8310driver_middleware.o
    0x0800c742   0x0800c742   0x0000000c   Code   RO         7937    i.ist8310_delay_ms  ist8310driver_middleware.o
    0x0800c74e   0x0800c74e   0x00000002   PAD
    0x0800c750   0x0800c750   0x00000094   Code   RO         7894    i.ist8310_init      ist8310driver.o
    0x0800c7e4   0x0800c7e4   0x000001b0   Code   RO         5441    i.led_RGB_flow_task  led_flow_task.o
    0x0800c994   0x0800c994   0x00000060   Code   RO         8172    i.loop_fp32_constrain  user_lib.o
    0x0800c9f4   0x0800c9f4   0x0000004c   Code   RO           15    i.main              main.o
    0x0800ca40   0x0800ca40   0x0000000e   Code   RO         7064    i.makeFreeRtosPriority  cmsis_os.o
    0x0800ca4e   0x0800ca4e   0x00000018   Code   RO         7066    i.osDelay           cmsis_os.o
    0x0800ca66   0x0800ca66   0x0000000a   Code   RO         7069    i.osKernelStart     cmsis_os.o
    0x0800ca70   0x0800ca70   0x0000005e   Code   RO         7103    i.osThreadCreate    cmsis_os.o
    0x0800cace   0x0800cace   0x00000002   PAD
    0x0800cad0   0x0800cad0   0x00000030   Code   RO         6531    i.pcTaskGetName     tasks.o
    0x0800cb00   0x0800cb00   0x000000a4   Code   RO         6532    i.prvAddCurrentTaskToDelayedList  tasks.o
    0x0800cba4   0x0800cba4   0x000000b4   Code   RO         6533    i.prvAddNewTaskToReadyList  tasks.o
    0x0800cc58   0x0800cc58   0x00000074   Code   RO         6896    i.prvCheckForValidListAndQueue  timers.o
    0x0800cccc   0x0800cccc   0x00000048   Code   RO         6534    i.prvCheckTasksWaitingTermination  tasks.o
    0x0800cd14   0x0800cd14   0x0000002a   Code   RO         6185    i.prvCopyDataFromQueue  queue.o
    0x0800cd3e   0x0800cd3e   0x0000007e   Code   RO         6186    i.prvCopyDataToQueue  queue.o
    0x0800cdbc   0x0800cdbc   0x00000050   Code   RO         6535    i.prvDeleteTCB      tasks.o
    0x0800ce0c   0x0800ce0c   0x00000028   Code   RO         6897    i.prvGetNextExpireTime  timers.o
    0x0800ce34   0x0800ce34   0x0000007c   Code   RO         7451    i.prvHeapInit       heap_4.o
    0x0800ceb0   0x0800ceb0   0x00000028   Code   RO         6536    i.prvIdleTask       tasks.o
    0x0800ced8   0x0800ced8   0x00000026   Code   RO         6189    i.prvInitialiseNewQueue  queue.o
    0x0800cefe   0x0800cefe   0x000000c2   Code   RO         6537    i.prvInitialiseNewTask  tasks.o
    0x0800cfc0   0x0800cfc0   0x00000068   Code   RO         6538    i.prvInitialiseTaskLists  tasks.o
    0x0800d028   0x0800d028   0x00000068   Code   RO         7452    i.prvInsertBlockIntoFreeList  heap_4.o
    0x0800d090   0x0800d090   0x00000058   Code   RO         6899    i.prvInsertTimerInActiveList  timers.o
    0x0800d0e8   0x0800d0e8   0x0000001a   Code   RO         6190    i.prvIsQueueEmpty   queue.o
    0x0800d102   0x0800d102   0x0000001e   Code   RO         6191    i.prvIsQueueFull    queue.o
    0x0800d120   0x0800d120   0x00000074   Code   RO         6900    i.prvProcessExpiredTimer  timers.o
    0x0800d194   0x0800d194   0x00000164   Code   RO         6901    i.prvProcessReceivedCommands  timers.o
    0x0800d2f8   0x0800d2f8   0x00000074   Code   RO         6902    i.prvProcessTimerOrBlockTask  timers.o
    0x0800d36c   0x0800d36c   0x00000034   Code   RO         6539    i.prvResetNextTaskUnblockTime  tasks.o
    0x0800d3a0   0x0800d3a0   0x0000002c   Code   RO         6903    i.prvSampleTimeNow  timers.o
    0x0800d3cc   0x0800d3cc   0x000000b0   Code   RO         6540    i.prvSearchForNameWithinSingleList  tasks.o
    0x0800d47c   0x0800d47c   0x000000a4   Code   RO         6904    i.prvSwitchTimerLists  timers.o
    0x0800d520   0x0800d520   0x00000016   Code   RO         6541    i.prvTaskCheckFreeStackSpace  tasks.o
    0x0800d536   0x0800d536   0x00000002   PAD
    0x0800d538   0x0800d538   0x00000040   Code   RO         7507    i.prvTaskExitError  port.o
    0x0800d578   0x0800d578   0x0000001a   Code   RO         6905    i.prvTimerTask      timers.o
    0x0800d592   0x0800d592   0x0000007e   Code   RO         6192    i.prvUnlockQueue    queue.o
    0x0800d610   0x0800d610   0x0000014c   Code   RO         7453    i.pvPortMalloc      heap_4.o
    0x0800d75c   0x0800d75c   0x0000002c   Code   RO         7508    i.pxPortInitialiseStack  port.o
    0x0800d788   0x0800d788   0x00000084   Code   RO         8345    i.quat_normalization  AHRS.lib(ahrs.o)
    0x0800d80c   0x0800d80c   0x000000da   Code   RO         5476    i.sbus_to_rc        remote_control.o
    0x0800d8e6   0x0800d8e6   0x0000003e   Code   RO         8601    i.sqrtf             m_wm.l(sqrtf_full.o)
    0x0800d924   0x0800d924   0x00000018   Code   RO         5402    i.toe_is_error      detect_task.o
    0x0800d93c   0x0800d93c   0x00000074   Code   RO         6544    i.ulTaskNotifyTake  tasks.o
    0x0800d9b0   0x0800d9b0   0x0000007a   Code   RO         8346    i.update_w          AHRS.lib(ahrs.o)
    0x0800da2a   0x0800da2a   0x00000028   Code   RO         6145    i.uxListRemove      list.o
    0x0800da52   0x0800da52   0x00000002   PAD
    0x0800da54   0x0800da54   0x00000028   Code   RO         6547    i.uxTaskGetStackHighWaterMark  tasks.o
    0x0800da7c   0x0800da7c   0x00000018   Code   RO          301    i.vApplicationGetIdleTaskMemory  freertos.o
    0x0800da94   0x0800da94   0x00000018   Code   RO         7120    i.vApplicationGetTimerTaskMemory  cmsis_os.o
    0x0800daac   0x0800daac   0x0000001a   Code   RO         6146    i.vListInitialise   list.o
    0x0800dac6   0x0800dac6   0x00000006   Code   RO         6147    i.vListInitialiseItem  list.o
    0x0800dacc   0x0800dacc   0x00000034   Code   RO         6148    i.vListInsert       list.o
    0x0800db00   0x0800db00   0x00000018   Code   RO         6149    i.vListInsertEnd    list.o
    0x0800db18   0x0800db18   0x00000054   Code   RO         7510    i.vPortEnterCritical  port.o
    0x0800db6c   0x0800db6c   0x0000003c   Code   RO         7511    i.vPortExitCritical  port.o
    0x0800dba8   0x0800dba8   0x000000a4   Code   RO         7454    i.vPortFree         heap_4.o
    0x0800dc4c   0x0800dc4c   0x00000028   Code   RO         7512    i.vPortSetupTimerInterrupt  port.o
    0x0800dc74   0x0800dc74   0x00000078   Code   RO         7513    i.vPortValidateInterruptPriority  port.o
    0x0800dcec   0x0800dcec   0x0000002c   Code   RO         6196    i.vQueueAddToRegistry  queue.o
    0x0800dd18   0x0800dd18   0x0000004a   Code   RO         6199    i.vQueueWaitForMessageRestricted  queue.o
    0x0800dd62   0x0800dd62   0x00000002   PAD
    0x0800dd64   0x0800dd64   0x0000005c   Code   RO         6551    i.vTaskDelay        tasks.o
    0x0800ddc0   0x0800ddc0   0x00000018   Code   RO         6555    i.vTaskInternalSetTimeOutState  tasks.o
    0x0800ddd8   0x0800ddd8   0x0000000c   Code   RO         6556    i.vTaskMissedYield  tasks.o
    0x0800dde4   0x0800dde4   0x000000f0   Code   RO         6557    i.vTaskNotifyGiveFromISR  tasks.o
    0x0800ded4   0x0800ded4   0x00000038   Code   RO         6558    i.vTaskPlaceOnEventList  tasks.o
    0x0800df0c   0x0800df0c   0x00000040   Code   RO         6559    i.vTaskPlaceOnEventListRestricted  tasks.o
    0x0800df4c   0x0800df4c   0x000000b8   Code   RO         6566    i.vTaskStartScheduler  tasks.o
    0x0800e004   0x0800e004   0x00000010   Code   RO         6568    i.vTaskSuspendAll   tasks.o
    0x0800e014   0x0800e014   0x0000008c   Code   RO         6569    i.vTaskSwitchContext  tasks.o
    0x0800e0a0   0x0800e0a0   0x00000168   Code   RO         7514    i.xPortStartScheduler  port.o
    0x0800e208   0x0800e208   0x00000034   Code   RO         7515    i.xPortSysTickHandler  port.o
    0x0800e23c   0x0800e23c   0x000000e0   Code   RO         6203    i.xQueueGenericCreateStatic  queue.o
    0x0800e31c   0x0800e31c   0x00000098   Code   RO         6204    i.xQueueGenericReset  queue.o
    0x0800e3b4   0x0800e3b4   0x000001a8   Code   RO         6205    i.xQueueGenericSend  queue.o
    0x0800e55c   0x0800e55c   0x000000fc   Code   RO         6206    i.xQueueGenericSendFromISR  queue.o
    0x0800e658   0x0800e658   0x00000168   Code   RO         6214    i.xQueueReceive     queue.o
    0x0800e7c0   0x0800e7c0   0x000000a8   Code   RO         6572    i.xTaskCheckForTimeOut  tasks.o
    0x0800e868   0x0800e868   0x00000064   Code   RO         6573    i.xTaskCreate       tasks.o
    0x0800e8cc   0x0800e8cc   0x000000ba   Code   RO         6574    i.xTaskCreateStatic  tasks.o
    0x0800e986   0x0800e986   0x00000002   PAD
    0x0800e988   0x0800e988   0x000000a4   Code   RO         6578    i.xTaskGetHandle    tasks.o
    0x0800ea2c   0x0800ea2c   0x00000020   Code   RO         6579    i.xTaskGetSchedulerState  tasks.o
    0x0800ea4c   0x0800ea4c   0x0000000c   Code   RO         6580    i.xTaskGetTickCount  tasks.o
    0x0800ea58   0x0800ea58   0x00000148   Code   RO         6582    i.xTaskIncrementTick  tasks.o
    0x0800eba0   0x0800eba0   0x000000c8   Code   RO         6585    i.xTaskPriorityDisinherit  tasks.o
    0x0800ec68   0x0800ec68   0x00000098   Code   RO         6587    i.xTaskRemoveFromEventList  tasks.o
    0x0800ed00   0x0800ed00   0x00000104   Code   RO         6588    i.xTaskResumeAll    tasks.o
    0x0800ee04   0x0800ee04   0x00000078   Code   RO         6912    i.xTimerCreateTimerTask  timers.o
    0x0800ee7c   0x0800ee7c   0x00000084   Code   RO         6913    i.xTimerGenericCommand  timers.o
    0x0800ef00   0x0800ef00   0x000002c4   Code   RO         8523    x$fpl$d2f           g_wm.l(d2f_clz.o)
    0x0800f1c4   0x0800f1c4   0x0000024c   Code   RO         8525    x$fpl$dadd          g_wm.l(daddsub_clz.o)
    0x0800f410   0x0800f410   0x0000037c   Code   RO         8532    x$fpl$ddiv          g_wm.l(ddiv_clz.o)
    0x0800f78c   0x0800f78c   0x0000001a   Code   RO         8628    x$fpl$dfltn         g_wm.l(dflt_clz.o)
    0x0800f7a6   0x0800f7a6   0x00000002   PAD
    0x0800f7a8   0x0800f7a8   0x000001c0   Code   RO         8535    x$fpl$dmul          g_wm.l(dmul_clz.o)
    0x0800f968   0x0800f968   0x00000102   Code   RO         8634    x$fpl$dnaninf       g_wm.l(dnaninf.o)
    0x0800fa6a   0x0800fa6a   0x00000070   Code   RO         8636    x$fpl$drenorm       g_wm.l(drenorm_clz.o)
    0x0800fada   0x0800fada   0x0000000c   Code   RO         8638    x$fpl$dretinf       g_wm.l(dretinf.o)
    0x0800fae6   0x0800fae6   0x00000002   PAD
    0x0800fae8   0x0800fae8   0x00000208   Code   RO         8640    x$fpl$dsqrt         g_wm.l(dsqrt_umaalclz.o)
    0x0800fcf0   0x0800fcf0   0x0000029c   Code   RO         8527    x$fpl$dsub          g_wm.l(daddsub_clz.o)
    0x0800ff8c   0x0800ff8c   0x0000017a   Code   RO         8642    x$fpl$dunder        g_wm.l(dunder_clz.o)
    0x08010106   0x08010106   0x00000002   PAD
    0x08010108   0x08010108   0x000001ec   Code   RO         8644    x$fpl$exception     g_wm.l(except.o)
    0x080102f4   0x080102f4   0x0000007a   Code   RO         8537    x$fpl$f2d           g_wm.l(f2d.o)
    0x0801036e   0x0801036e   0x000000f2   Code   RO         8646    x$fpl$fnaninf       g_wm.l(fnaninf.o)
    0x08010460   0x08010460   0x0000000a   Code   RO         8787    x$fpl$fpinit        g_wm.l(fpinit.o)
    0x0801046a   0x0801046a   0x0000000a   Code   RO         8648    x$fpl$fretinf       g_wm.l(fretinf.o)
    0x08010474   0x08010474   0x0000013c   Code   RO         8650    x$fpl$funder        g_wm.l(funder_clz.o)
    0x080105b0   0x080105b0   0x000000b2   Code   RO         8700    x$fpl$retnan        g_wm.l(retnan.o)
    0x08010662   0x08010662   0x0000007e   Code   RO         8652    x$fpl$trapveneer    g_wm.l(trapv.o)
    0x080106e0   0x080106e0   0x00000000   Code   RO         8654    x$fpl$usenofp       g_wm.l(usenofp.o)
    0x080106e0   0x080106e0   0x000000a8   Data   RO          303    .constdata          freertos.o
    0x08010788   0x08010788   0x00000008   Data   RO         1551    .constdata          stm32f4xx_hal_dma.o
    0x08010790   0x08010790   0x00000018   Data   RO         4810    .constdata          system_stm32f4xx.o
    0x080107a8   0x080107a8   0x0000000f   Data   RO         5128    .constdata          calibrate_task.o
    0x080107b7   0x080107b7   0x00000001   PAD
    0x080107b8   0x080107b8   0x00000020   Data   RO         5250    .constdata          chassis_task.o
    0x080107d8   0x080107d8   0x00000054   Data   RO         5404    .constdata          detect_task.o
    0x0801082c   0x0801082c   0x00000018   Data   RO         5594    .constdata          ins_task.o
    0x08010844   0x08010844   0x00000012   Data   RO         7604    .constdata          bmi088drive.o
    0x08010856   0x08010856   0x0000000c   Data   RO         7897    .constdata          ist8310driver.o
    0x08010862   0x08010862   0x00000002   PAD
    0x08010864   0x08010864   0x0000000c   Data   RO         8347    .constdata          AHRS.lib(ahrs.o)
    0x08010870   0x08010870   0x00000804   Data   RO         8480    .constdata          arm_cortexM4lf_math.lib(arm_common_tables.o)
    0x08011074   0x08011074   0x00000032   Data   RO          304    .conststring        freertos.o
    0x080110a6   0x080110a6   0x00000002   PAD
    0x080110a8   0x080110a8   0x00000020   Data   RO         8845    Region$$Table       anon$$obj.o


    Execution Region RW_IRAM1 (Exec base: 0x20000000, Load base: 0x080110c8, Size: 0x000058e8, Max: 0x0001c000, ABSOLUTE, COMPRESSED[0x000000a0])

    Exec Addr    Load Addr    Size         Type   Attr      Idx    E Section Name        Object

    0x20000000   COMPRESSED   0x00000018   Data   RW          305    .data               freertos.o
    0x20000018   COMPRESSED   0x00000004   Data   RW          354    .data               can.o
    0x2000001c   COMPRESSED   0x00000009   Data   RW         2001    .data               stm32f4xx_hal.o
    0x20000025   COMPRESSED   0x00000003   PAD
    0x20000028   COMPRESSED   0x00000004   Data   RW         4811    .data               system_stm32f4xx.o
    0x2000002c   COMPRESSED   0x00000009   Data   RW         4967    .data               can_receive.o
    0x20000035   COMPRESSED   0x00000003   PAD
    0x20000038   COMPRESSED   0x00000054   Data   RW         5129    .data               calibrate_task.o
    0x2000008c   COMPRESSED   0x00000004   Data   RW         5251    .data               chassis_task.o
    0x20000090   COMPRESSED   0x00000011   Data   RW         5346    .data               chassis_behaviour.o
    0x200000a1   COMPRESSED   0x00000003   PAD
    0x200000a4   COMPRESSED   0x00000009   Data   RW         5405    .data               detect_task.o
    0x200000ad   COMPRESSED   0x00000003   PAD
    0x200000b0   COMPRESSED   0x0000001c   Data   RW         5442    .data               led_flow_task.o
    0x200000cc   COMPRESSED   0x00000002   Data   RW         5480    .data               remote_control.o
    0x200000ce   COMPRESSED   0x00000002   PAD
    0x200000d0   COMPRESSED   0x000000a0   Data   RW         5595    .data               ins_task.o
    0x20000170   COMPRESSED   0x00000008   Data   RW         5836    .data               bsp_delay.o
    0x20000178   COMPRESSED   0x00000010   Data   RW         5877    .data               bsp_flash.o
    0x20000188   COMPRESSED   0x00000008   Data   RW         5951    .data               bsp_led.o
    0x20000190   COMPRESSED   0x0000003c   Data   RW         6591    .data               tasks.o
    0x200001cc   COMPRESSED   0x00000014   Data   RW         6921    .data               timers.o
    0x200001e0   COMPRESSED   0x00000020   Data   RW         7460    .data               heap_4.o
    0x20000200   COMPRESSED   0x0000000c   Data   RW         7516    .data               port.o
    0x2000020c   COMPRESSED   0x0000002c   Data   RW         7605    .data               bmi088drive.o
    0x20000238   COMPRESSED   0x00000010   Data   RW         8348    .data               AHRS.lib(ahrs.o)
    0x20000248        -       0x00000254   Zero   RW          302    .bss                freertos.o
    0x2000049c        -       0x00000050   Zero   RW          353    .bss                can.o
    0x200004ec        -       0x00000054   Zero   RW          425    .bss                i2c.o
    0x20000540        -       0x00000020   Zero   RW          467    .bss                rtc.o
    0x20000560        -       0x00000118   Zero   RW          509    .bss                spi.o
    0x20000678        -       0x00000168   Zero   RW          556    .bss                tim.o
    0x200007e0        -       0x000000a8   Zero   RW          623    .bss                usart.o
    0x20000888        -       0x00000020   Zero   RW         1205    .bss                stm32f4xx_hal_flash.o
    0x200008a8        -       0x00000060   Zero   RW         4966    .bss                can_receive.o
    0x20000908        -       0x00000115   Zero   RW         5127    .bss                calibrate_task.o
    0x20000a1d   COMPRESSED   0x00000003   PAD
    0x20000a20        -       0x00000224   Zero   RW         5249    .bss                chassis_task.o
    0x20000c44        -       0x0000021c   Zero   RW         5403    .bss                detect_task.o
    0x20000e60        -       0x0000005e   Zero   RW         5479    .bss                remote_control.o
    0x20000ebe   COMPRESSED   0x00000002   PAD
    0x20000ec0        -       0x00000134   Zero   RW         5593    .bss                ins_task.o
    0x20000ff4        -       0x00000040   Zero   RW         6217    .bss                queue.o
    0x20001034        -       0x000000f0   Zero   RW         6590    .bss                tasks.o
    0x20001124        -       0x00000110   Zero   RW         6920    .bss                timers.o
    0x20001234        -       0x00000454   Zero   RW         7121    .bss                cmsis_os.o
    0x20001688        -       0x00003c00   Zero   RW         7459    .bss                heap_4.o
    0x20005288        -       0x00000060   Zero   RW         8703    .bss                c_w.l(libspace.o)
    0x200052e8        -       0x00000200   Zero   RW            2    HEAP                startup_stm32f407xx.o
    0x200054e8        -       0x00000400   Zero   RW            1    STACK               startup_stm32f407xx.o


    Execution Region RW_IRAM2 (Exec base: 0x2001c000, Load base: 0x08011168, Size: 0x00000000, Max: 0x00004000, ABSOLUTE)

    **** No section assigned to this execution region ****


==============================================================================

Image component sizes


      Code (inc. data)   RO Data    RW Data    ZI Data      Debug   Object Name

       168          4          0          0          0       5032   ahrs_middleware.o
      2338         40         18         44          0      10523   bmi088drive.o
       140         28          0          0          0       4468   bmi088middleware.o
        36         12          0          0          0        929   bsp_buzzer.o
        92          8          0          0          0     575242   bsp_can.o
        80          4          0          8          0        815   bsp_delay.o
       674        108          0         16          0       3292   bsp_flash.o
        12          4          0          0          0        470   bsp_imu_pwm.o
       104         22          0          8          0        560   bsp_led.o
       104         14          0          0          0        901   bsp_rc.o
     10428        170          0          0          0       5598   bsp_spi.o
      1512         86         15         84        277      10748   calibrate_task.o
       488         44          0          4         80       2350   can.o
       388         42          0          9         96     610701   can_receive.o
       928         74          0         17          0       6426   chassis_behaviour.o
      2726        126         32          4        548      13836   chassis_task.o
       166          8          0          0       1108      23672   cmsis_os.o
      1328         42         84          9        540       3226   detect_task.o
       120          6          0          0          0        782   dma.o
         0          0          0          0          0      19588   event_groups.o
       216         40        218         24        596       2978   freertos.o
       448         20          0          0          0       1155   gpio.o
       724         74          0         32      15360       4759   heap_4.o
       260         30          0          0         84       1653   i2c.o
      4288        324         24        160        308      12326   ins_task.o
       148          6         12          0          0       1763   ist8310driver.o
       136         22          0          0          0       3719   ist8310driver_middleware.o
       432         10          0         28          0       1609   led_flow_task.o
       148          0          0          0          0       3458   list.o
       266          8          0          0          0     769212   main.o
       592          8          0          0          0       2850   pid.o
      1014         92          0         12          0      11821   port.o
      1918         20          0          0         64      17052   queue.o
       530         32          0          2         94       2541   remote_control.o
       112         18          0          0         32       1467   rtc.o
       416         38          0          0        280       1859   spi.o
        64         26        392          0       1536        824   startup_stm32f407xx.o
       172         32          0          9          0       8621   stm32f4xx_hal.o
      2148          6          0          0          0      14011   stm32f4xx_hal_can.o
       312         22          0          0          0      34203   stm32f4xx_hal_cortex.o
      1034         16          8          0          0       3800   stm32f4xx_hal_dma.o
       640         64          0          0         32       5778   stm32f4xx_hal_flash.o
       432         26          0          0          0       3162   stm32f4xx_hal_flash_ex.o
       540         50          0          0          0       2671   stm32f4xx_hal_gpio.o
      3016         48          0          0          0      11642   stm32f4xx_hal_i2c.o
        84          6          0          0          0        822   stm32f4xx_hal_msp.o
      1820         84          0          0          0       5480   stm32f4xx_hal_rcc.o
       416         20          0          0          0       1368   stm32f4xx_hal_rcc_ex.o
       356          8          0          0          0       3195   stm32f4xx_hal_rtc.o
      1136         14          0          0          0       4557   stm32f4xx_hal_spi.o
      1524         82          0          0          0      10682   stm32f4xx_hal_tim.o
       180         30          0          0          0       1328   stm32f4xx_hal_tim_ex.o
       674         10          0          0          0       1816   stm32f4xx_hal_uart.o
       146         24          0          0          0       7037   stm32f4xx_it.o
        20          6         24          4          0       1075   system_stm32f4xx.o
      3718        420          0         60        240      32953   tasks.o
      1308        108          0          0        360       5390   tim.o
      1318        124          0         20        272      30239   timers.o
       280         30          0          0        168       1725   usart.o
       258          4          0          0          0       2939   user_lib.o

    ----------------------------------------------------------------------
     55124       2844        864        568      22080    2334699   Object Totals
         0          0         32          0          0          0   (incl. Generated)
        48          0          5         14          5          0   (incl. Padding)

    ----------------------------------------------------------------------

      Code (inc. data)   RO Data    RW Data    ZI Data      Debug   Library Member Name

      2718         84         12         16          0       9922   ahrs.o
         0          0       2052          0          0       4636   arm_common_tables.o
       120         12          0          0          0      16970   arm_cos_f32.o
       116         12          0          0          0        658   arm_sin_f32.o
        90          0          0          0          0          0   __dczerorl2.o
         8          0          0          0          0         68   __main.o
         0          0          0          0          0          0   __rtentry.o
        12          0          0          0          0          0   __rtentry2.o
         6          0          0          0          0          0   __rtentry4.o
        52          8          0          0          0          0   __scatter.o
        28          0          0          0          0          0   __scatter_zi.o
        48          4          0          0          0         84   _fptrap.o
        22          0          0          0          0        100   _rserrno.o
        16          0          0          0          0         68   aeabi_memset.o
        10          0          0          0          0         68   defsig_exit.o
       172        110          0          0          0         76   defsig_fpe_inner.o
        14          0          0          0          0         80   defsig_fpe_outer.o
        50          0          0          0          0         88   defsig_general.o
        18          0          0          0          0         80   exit.o
         6          0          0          0          0        152   heapauxi.o
         0          0          0          0          0          0   indicate_semi.o
         2          0          0          0          0          0   libinit.o
         6          0          0          0          0          0   libinit2.o
         2          0          0          0          0          0   libshutdown.o
         2          0          0          0          0          0   libshutdown2.o
         8          4          0          0         96         68   libspace.o
       238          0          0          0          0        100   lludivv7m.o
         8          4          0          0          0         68   rt_errno_addr_intlibspace.o
        68          0          0          0          0         68   rt_memclr.o
        78          0          0          0          0         80   rt_memclr_w.o
       138          0          0          0          0         68   rt_memcpy_v6.o
       100          0          0          0          0         80   rt_memcpy_w.o
         2          0          0          0          0          0   rtexit.o
        10          0          0          0          0          0   rtexit2.o
        62          0          0          0          0         76   strlen.o
        12          4          0          0          0         68   sys_exit.o
        74          0          0          0          0         80   sys_stackheap_outer.o
        14          0          0          0          0         76   sys_wrch.o
         2          0          0          0          0         68   use_no_semi.o
       708         16          0          0          0        140   d2f_clz.o
      1256         28          0          0          0        408   daddsub_clz.o
       892        152          0          0          0        292   ddiv_clz.o
        26          0          0          0          0        116   dflt_clz.o
       448         16          0          0          0        164   dmul_clz.o
       258          4          0          0          0        156   dnaninf.o
       112          0          0          0          0        160   drenorm_clz.o
        12          0          0          0          0        116   dretinf.o
       520         56          0          0          0        180   dsqrt_umaalclz.o
       378          0          0          0          0        168   dunder_clz.o
       492         36          0          0          0        148   except.o
       122          8          0          0          0        132   f2d.o
       242          4          0          0          0        144   fnaninf.o
        10          0          0          0          0        116   fpinit.o
        10          0          0          0          0        116   fretinf.o
       316          0          0          0          0        132   funder_clz.o
       178          0          0          0          0        116   retnan.o
       126          0          0          0          0        148   trapv.o
         0          0          0          0          0          0   usenofp.o
       300         42          0          0          0        176   asinf.o
       684         90          0          0          0        208   atan2f.o
        20          0          0          0          0        124   fabs.o
        38          0          0          0          0        116   fpclassifyf.o
        44         12          0          0          0        464   funder.o
       122          0          0          0          0        148   sqrt_full.o
       120          0          0          0          0        272   sqrtf_full.o

    ----------------------------------------------------------------------
     11780        706       2064         16         96      38410   Library Totals
        14          0          0          0          0          0   (incl. Padding)

    ----------------------------------------------------------------------

      Code (inc. data)   RO Data    RW Data    ZI Data      Debug   Library Name

      2718         84         12         16          0       9922   AHRS.lib
       236         24       2052          0          0      22264   arm_cortexM4lf_math.lib
      1378        134          0          0         96       1764   c_w.l
      6106        320          0          0          0       2952   g_wm.l
      1328        144          0          0          0       1508   m_wm.l

    ----------------------------------------------------------------------
     11780        706       2064         16         96      38410   Library Totals

    ----------------------------------------------------------------------

==============================================================================


      Code (inc. data)   RO Data    RW Data    ZI Data      Debug   

     66904       3550       2928        584      22176    2337873   Grand Totals
     66904       3550       2928        160      22176    2337873   ELF Image Totals (compressed)
     66904       3550       2928        160          0          0   ROM Totals

==============================================================================

    Total RO  Size (Code + RO Data)                69832 (  68.20kB)
    Total RW  Size (RW Data + ZI Data)             22760 (  22.23kB)
    Total ROM Size (Code + RO Data + RW Data)      69992 (  68.35kB)

==============================================================================

